Component: ARM Compiler 5.06 update 7 (build 960) Tool: armlink [4d3601]

==============================================================================

Section Cross References

    startup_lpc17xx.o(STACK) refers (Special) to heapauxi.o(.text) for __use_two_region_memory
    startup_lpc17xx.o(HEAP) refers (Special) to heapauxi.o(.text) for __use_two_region_memory
    startup_lpc17xx.o(RESET) refers (Special) to heapauxi.o(.text) for __use_two_region_memory
    startup_lpc17xx.o(RESET) refers to startup_lpc17xx.o(STACK) for __initial_sp
    startup_lpc17xx.o(RESET) refers to startup_lpc17xx.o(.text) for Reset_Handler
    startup_lpc17xx.o(RESET) refers to irq_timer.o(.text) for TIMER0_IRQHandler
    startup_lpc17xx.o(RESET) refers to irq_button.o(.text) for EINT0_IRQHandler
    startup_lpc17xx.o(RESET) refers to irq_adc.o(.text) for ADC_IRQHandler
    startup_lpc17xx.o(RESET) refers to irq_rit.o(.text) for RIT_IRQHandler
    startup_lpc17xx.o(.ARM.__at_0x02FC) refers (Special) to heapauxi.o(.text) for __use_two_region_memory
    startup_lpc17xx.o(.text) refers (Special) to heapauxi.o(.text) for __use_two_region_memory
    startup_lpc17xx.o(.text) refers to __main.o(!!!main) for __main
    startup_lpc17xx.o(.text) refers to startup_lpc17xx.o(HEAP) for Heap_Mem
    startup_lpc17xx.o(.text) refers to startup_lpc17xx.o(STACK) for Stack_Mem
    sample.o(.text) refers to system_lpc17xx.o(.text) for SystemInit
    sample.o(.text) refers to glcd.o(.text) for LCD_Initialization
    sample.o(.text) refers to touchpanel.o(.text) for TP_Init
    sample.o(.text) refers to lib_timer.o(.text) for init_timer
    sample.o(.text) refers to lib_adc.o(.text) for ADC_init
    sample.o(.text) refers to lib_joystick.o(.text) for joystick_init
    sample.o(.text) refers to lib_rit.o(.text) for init_RIT
    system_lpc17xx.o(.text) refers to system_lpc17xx.o(.data) for SystemFrequency
    irq_timer.o(.text) refers to _printf_pad.o(.text) for _printf_pre_padding
    irq_timer.o(.text) refers to _printf_percent.o(.ARM.Collect$$_printf_percent$$00000000) for _printf_percent
    irq_timer.o(.text) refers to _printf_d.o(.ARM.Collect$$_printf_percent$$00000009) for _printf_d
    irq_timer.o(.text) refers to _printf_dec.o(.text) for _printf_int_dec
    irq_timer.o(.text) refers to noretval__2sprintf.o(.text) for __2sprintf
    irq_timer.o(.text) refers to glcd.o(.text) for GUI_Text
    irq_timer.o(.text) refers to pic.o(.text) for PIC_DRAWER
    irq_timer.o(.text) refers to lib_timer.o(.text) for disable_timer
    irq_timer.o(.text) refers to irq_adc.o(.text) for getVolume
    irq_timer.o(.text) refers to fflt_clz.o(x$fpl$ffltu) for __aeabi_ui2f
    irq_timer.o(.text) refers to fmul.o(x$fpl$fmul) for __aeabi_fmul
    irq_timer.o(.text) refers to ffixu.o(x$fpl$ffixu) for __aeabi_f2uiz
    irq_timer.o(.text) refers to irq_timer.o(.data) for ss
    irq_timer.o(.text) refers to irq_rit.o(.data) for eating
    lib_timer.o(.text) refers to glcd.o(.text) for GUI_Text
    lib_timer.o(.text) refers to pic.o(.text) for PIC_DRAWER
    lib_timer.o(.text) refers to irq_rit.o(.text) for init_stats
    lib_timer.o(.text) refers to dmul.o(x$fpl$dmul) for __aeabi_dmul
    lib_timer.o(.text) refers to dfixu.o(x$fpl$dfixu) for __aeabi_d2uiz
    irq_button.o(.text) refers to lib_rit.o(.text) for enable_RIT_Debouncing
    irq_button.o(.text) refers to lib_button.o(.data) for RIT_debouncing
    lib_button.o(.text) refers to lib_rit.o(.text) for init_RIT
    lib_button.o(.text) refers to lib_button.o(.data) for RIT_debouncing
    irq_rit.o(.text) refers to pic.o(.text) for PIC_DRAWER
    irq_rit.o(.text) refers to lib_timer.o(.text) for disable_timer
    irq_rit.o(.text) refers to touchpanel.o(.text) for Read_Ads7846
    irq_rit.o(.text) refers to glcd.o(.text) for LCD_Clear
    irq_rit.o(.text) refers to music.o(.text) for isNotePlaying
    irq_rit.o(.text) refers to lib_adc.o(.text) for ADC_start_conversion
    irq_rit.o(.text) refers to irq_timer.o(.data) for hap
    irq_rit.o(.text) refers to irq_rit.o(.data) for reset
    irq_rit.o(.text) refers to touchpanel.o(.bss) for matrix
    irq_rit.o(.text) refers to touchpanel.o(.data) for display
    lib_rit.o(.text) refers to lib_rit.o(.data) for RIT_joystick_polling
    funct_led.o(.text) refers to funct_led.o(.constdata) for led_mask
    funct_led.o(.text) refers to lib_led.o(.data) for led_value
    lib_led.o(.text) refers to lib_led.o(.data) for led_value
    lib_joystick.o(.text) refers to lib_rit.o(.text) for RIT_startJoystickPolling
    asciilib.o(.text) refers to rt_memcpy_v6.o(.text) for __aeabi_memcpy
    asciilib.o(.text) refers to asciilib.o(.constdata) for AsciiLib
    glcd.o(.text) refers to glcd.o(.data) for LCD_Code
    glcd.o(.text) refers to asciilib.o(.text) for GetASCIICode
    hzlib.o(.text) refers to rt_memcpy_v6.o(.text) for __aeabi_memcpy
    hzlib.o(.text) refers to hzlib.o(.constdata) for HzLib
    pic.o(.text) refers to glcd.o(.text) for LCD_SetPoint
[...]
    __rtentry.o(.ARM.Collect$$rtentry$$00000000) refers (Special) to __rtentry2.o(.ARM.Collect$$rtentry$$0000000C) for __rt_entry_postli_1
    __rtentry.o(.ARM.Collect$$rtentry$$00000000) refers (Special) to __rtentry2.o(.ARM.Collect$$rtentry$$00000009) for __rt_entry_postsh_1
    __rtentry.o(.ARM.Collect$$rtentry$$00000000) refers (Special) to __rtentry2.o(.ARM.Collect$$rtentry$$00000002) for __rt_entry_presh_1
    __rtentry.o(.ARM.Collect$$rtentry$$00000000) refers (Special) to __rtentry4.o(.ARM.Collect$$rtentry$$00000004) for __rt_entry_sh
    _printf_intcommon.o(.text) refers (Weak) to _printf_pad.o(.text) for _printf_pre_padding
    _printf_intcommon.o(.text) refers (Weak) to _printf_pad.o(.text) for _printf_pre_padding
    _printf_intcommon.o(.text) refers (Weak) to _printf_pad.o(.text) for _printf_post_padding
    _printf_char_common.o(.text) refers to __printf_flags_wp.o(.text) for __printf
    dcmpi.o(x$fpl$dcmpinf) refers (Special) to usenofp.o(x$fpl$usenofp) for __I$use$fp
    dnaninf.o(x$fpl$dnaninf) refers (Special) to usenofp.o(x$fpl$usenofp) for __I$use$fp
    dretinf.o(x$fpl$dretinf) refers (Special) to usenofp.o(x$fpl$usenofp) for __I$use$fp
    fnaninf.o(x$fpl$fnaninf) refers (Special) to usenofp.o(x$fpl$usenofp) for __I$use$fp
    fretinf.o(x$fpl$fretinf) refers (Special) to usenofp.o(x$fpl$usenofp) for __I$use$fp
    __rtentry2.o(.ARM.Collect$$rtentry$$00000008) refers to boardinit2.o(.text) for _platform_post_stackheap_init
    __rtentry2.o(.ARM.Collect$$rtentry$$0000000A) refers to libinit.o(.ARM.Collect$$libinit$$00000000) for __rt_lib_init
    __rtentry2.o(.ARM.Collect$$rtentry$$0000000B) refers to boardinit3.o(.text) for _platform_post_lib_init
    __rtentry2.o(.ARM.Collect$$rtentry$$0000000D) refers to sample.o(.text) for main
    __rtentry2.o(.ARM.Collect$$rtentry$$0000000D) refers to exit.o(.text) for exit
    __rtentry2.o(.ARM.exidx) refers to __rtentry2.o(.ARM.Collect$$rtentry$$00000001) for .ARM.Collect$$rtentry$$00000001
    __rtentry2.o(.ARM.exidx) refers to __rtentry2.o(.ARM.Collect$$rtentry$$00000008) for .ARM.Collect$$rtentry$$00000008
    __rtentry2.o(.ARM.exidx) refers to __rtentry2.o(.ARM.Collect$$rtentry$$0000000A) for .ARM.Collect$$rtentry$$0000000A
    __rtentry2.o(.ARM.exidx) refers to __rtentry2.o(.ARM.Collect$$rtentry$$0000000B) for .ARM.Collect$$rtentry$$0000000B
    __rtentry2.o(.ARM.exidx) refers to __rtentry2.o(.ARM.Collect$$rtentry$$0000000D) for .ARM.Collect$$rtentry$$0000000D
    __rtentry4.o(.ARM.Collect$$rtentry$$00000004) refers to sys_stackheap_outer.o(.text) for __user_setup_stackheap
    __rtentry4.o(.ARM.exidx) refers to __rtentry4.o(.ARM.Collect$$rtentry$$00000004) for .ARM.Collect$$rtentry$$00000004
    sys_stackheap_outer.o(.text) refers to libspace.o(.text) for __user_perproc_libspace
    sys_stackheap_outer.o(.text) refers to startup_lpc17xx.o(.text) for __user_initial_stackheap
    exit.o(.text) refers to rtexit.o(.ARM.Collect$$rtexit$$00000000) for __rt_exit
    libinit.o(.ARM.Collect$$libinit$$00000000) refers (Special) to libinit2.o(.ARM.Collect$$libinit$$0000002E) for __rt_lib_init_alloca_1
    libinit.o(.ARM.Collect$$libinit$$00000000) refers (Special) to libinit2.o(.ARM.Collect$$libinit$$0000002C) for __rt_lib_init_argv_1
    libinit.o(.ARM.Collect$$libinit$$00000000) refers (Special) to libinit2.o(.ARM.Collect$$libinit$$0000001B) for __rt_lib_init_atexit_1
    libinit.o(.ARM.Collect$$libinit$$00000000) refers (Special) to libinit2.o(.ARM.Collect$$libinit$$00000021) for __rt_lib_init_clock_1
    libinit.o(.ARM.Collect$$libinit$$00000000) refers (Special) to libinit2.o(.ARM.Collect$$libinit$$00000032) for __rt_lib_init_cpp_1
    libinit.o(.ARM.Collect$$libinit$$00000000) refers (Special) to libinit2.o(.ARM.Collect$$libinit$$00000030) for __rt_lib_init_exceptions_1
    libinit.o(.ARM.Collect$$libinit$$00000000) refers (Special) to libinit2.o(.ARM.Collect$$libinit$$00000002) for __rt_lib_init_fp_1
    libinit.o(.ARM.Collect$$libinit$$00000000) refers (Special) to libinit2.o(.ARM.Collect$$libinit$$0000001F) for __rt_lib_init_fp_trap_1
    libinit.o(.ARM.Collect$$libinit$$00000000) refers (Special) to libinit2.o(.ARM.Collect$$libinit$$00000023) for __rt_lib_init_getenv_1
    libinit.o(.ARM.Collect$$libinit$$00000000) refers (Special) to libinit2.o(.ARM.Collect$$libinit$$0000000A) for __rt_lib_init_heap_1
    libinit.o(.ARM.Collect$$libinit$$00000000) refers (Special) to libinit2.o(.ARM.Collect$$libinit$$00000011) for __rt_lib_init_lc_collate_1
    libinit.o(.ARM.Collect$$libinit$$00000000) refers (Special) to libinit2.o(.ARM.Collect$$libinit$$00000013) for __rt_lib_init_lc_ctype_1
    libinit.o(.ARM.Collect$$libinit$$00000000) refers (Special) to libinit2.o(.ARM.Collect$$libinit$$00000015) for __rt_lib_init_lc_monetary_1
    libinit.o(.ARM.Collect$$libinit$$00000000) refers (Special) to libinit2.o(.ARM.Collect$$libinit$$00000017) for __rt_lib_init_lc_numeric_1
    libinit.o(.ARM.Collect$$libinit$$00000000) refers (Special) to libinit2.o(.ARM.Collect$$libinit$$00000019) for __rt_lib_init_lc_time_1
    libinit.o(.ARM.Collect$$libinit$$00000000) refers (Special) to libinit2.o(.ARM.Collect$$libinit$$00000004) for __rt_lib_init_preinit_1
    libinit.o(.ARM.Collect$$libinit$$00000000) refers (Special) to libinit2.o(.ARM.Collect$$libinit$$0000000E) for __rt_lib_init_rand_1
    libinit.o(.ARM.Collect$$libinit$$00000000) refers (Special) to libinit2.o(.ARM.Collect$$libinit$$00000033) for __rt_lib_init_return
    libinit.o(.ARM.Collect$$libinit$$00000000) refers (Special) to libinit2.o(.ARM.Collect$$libinit$$0000001D) for __rt_lib_init_signal_1
    libinit.o(.ARM.Collect$$libinit$$00000000) refers (Special) to libinit2.o(.ARM.Collect$$libinit$$00000025) for __rt_lib_init_stdio_1
    libinit.o(.ARM.Collect$$libinit$$00000000) refers (Special) to libinit2.o(.ARM.Collect$$libinit$$0000000C) for __rt_lib_init_user_alloc_1
    libspace.o(.text) refers to libspace.o(.bss) for __libspace_start
    rtexit.o(.ARM.Collect$$rtexit$$00000000) refers (Special) to rtexit2.o(.ARM.Collect$$rtexit$$00000004) for __rt_exit_exit
    rtexit.o(.ARM.Collect$$rtexit$$00000000) refers (Special) to rtexit2.o(.ARM.Collect$$rtexit$$00000003) for __rt_exit_ls
    rtexit.o(.ARM.Collect$$rtexit$$00000000) refers (Special) to rtexit2.o(.ARM.Collect$$rtexit$$00000002) for __rt_exit_prels_1
    rtexit.o(.ARM.exidx) refers (Special) to rtexit2.o(.ARM.Collect$$rtexit$$00000004) for __rt_exit_exit
    rtexit.o(.ARM.exidx) refers (Special) to rtexit2.o(.ARM.Collect$$rtexit$$00000003) for __rt_exit_ls
    rtexit.o(.ARM.exidx) refers (Special) to rtexit2.o(.ARM.Collect$$rtexit$$00000002) for __rt_exit_prels_1
    rtexit.o(.ARM.exidx) refers to rtexit.o(.ARM.Collect$$rtexit$$00000000) for .ARM.Collect$$rtexit$$00000000
    libinit2.o(.ARM.Collect$$libinit$$00000010) refers to libinit2.o(.ARM.Collect$$libinit$$0000000F) for .ARM.Collect$$libinit$$0000000F
    libinit2.o(.ARM.Collect$$libinit$$00000012) refers to libinit2.o(.ARM.Collect$$libinit$$0000000F) for .ARM.Collect$$libinit$$0000000F
    libinit2.o(.ARM.Collect$$libinit$$00000014) refers to libinit2.o(.ARM.Collect$$libinit$$0000000F) for .ARM.Collect$$libinit$$0000000F
    libinit2.o(.ARM.Collect$$libinit$$00000016) refers to libinit2.o(.ARM.Collect$$libinit$$0000000F) for .ARM.Collect$$libinit$$0000000F
    libinit2.o(.ARM.Collect$$libinit$$00000018) refers to libinit2.o(.ARM.Collect$$libinit$$0000000F) for .ARM.Collect$$libinit$$0000000F
    libinit2.o(.ARM.Collect$$libinit$$00000026) refers to argv_veneer.o(.emb_text) for __ARM_argv_veneer
    libinit2.o(.ARM.Collect$$libinit$$00000027) refers to argv_veneer.o(.emb_text) for __ARM_argv_veneer
    rtexit2.o(.ARM.Collect$$rtexit$$00000003) refers to libshutdown.o(.ARM.Collect$$libshutdown$$00000000) for __rt_lib_shutdown
    rtexit2.o(.ARM.Collect$$rtexit$$00000004) refers to sys_exit.o(.text) for _sys_exit
    rtexit2.o(.ARM.exidx) refers to rtexit2.o(.ARM.Collect$$rtexit$$00000001) for .ARM.Collect$$rtexit$$00000001
    rtexit2.o(.ARM.exidx) refers to rtexit2.o(.ARM.Collect$$rtexit$$00000003) for .ARM.Collect$$rtexit$$00000003
    rtexit2.o(.ARM.exidx) refers to rtexit2.o(.ARM.Collect$$rtexit$$00000004) for .ARM.Collect$$rtexit$$00000004
    argv_veneer.o(.emb_text) refers to no_argv.o(.text) for __ARM_get_argv
    sys_exit.o(.text) refers (Special) to use_no_semi.o(.text) for __I$use$semihosting
    sys_exit.o(.text) refers (Special) to indicate_semi.o(.text) for __semihosting_library_function
    _get_argv_nomalloc.o(.text) refers (Special) to hrguard.o(.text) for __heap_region$guard
    _get_argv_nomalloc.o(.text) refers to defsig_rtmem_outer.o(.text) for __rt_SIGRTMEM
    _get_argv_nomalloc.o(.text) refers to sys_command.o(.text) for _sys_command_string
    libshutdown.o(.ARM.Collect$$libshutdown$$00000000) refers (Special) to libshutdown2.o(.ARM.Collect$$libshutdown$$00000004) for __rt_lib_shutdown_cpp_1
    libshutdown.o(.ARM.Collect$$libshutdown$$00000000) refers (Special) to libshutdown2.o(.ARM.Collect$$libshutdown$$00000002) for __rt_lib_shutdown_fini_1
    libshutdown.o(.ARM.Collect$$libshutdown$$00000000) refers (Special) to libshutdown2.o(.ARM.Collect$$libshutdown$$00000009) for __rt_lib_shutdown_fp_trap_1
    libshutdown.o(.ARM.Collect$$libshutdown$$00000000) refers (Special) to libshutdown2.o(.ARM.Collect$$libshutdown$$00000011) for __rt_lib_shutdown_heap_1
    libshutdown.o(.ARM.Collect$$libshutdown$$00000000) refers (Special) to libshutdown2.o(.ARM.Collect$$libshutdown$$00000012) for __rt_lib_shutdown_return
    libshutdown.o(.ARM.Collect$$libshutdown$$00000000) refers (Special) to libshutdown2.o(.ARM.Collect$$libshutdown$$0000000C) for __rt_lib_shutdown_signal_1
    libshutdown.o(.ARM.Collect$$libshutdown$$00000000) refers (Special) to libshutdown2.o(.ARM.Collect$$libshutdown$$00000006) for __rt_lib_shutdown_stdio_1
    libshutdown.o(.ARM.Collect$$libshutdown$$00000000) refers (Special) to libshutdown2.o(.ARM.Collect$$libshutdown$$0000000E) for __rt_lib_shutdown_user_alloc_1
    sys_command.o(.text) refers (Special) to use_no_semi.o(.text) for __I$use$semihosting
    sys_command.o(.text) refers (Special) to indicate_semi.o(.text) for __semihosting_library_function
    defsig_rtmem_outer.o(.text) refers to defsig_rtmem_inner.o(.text) for __rt_SIGRTMEM_inner
    defsig_rtmem_outer.o(.text) refers to defsig_exit.o(.text) for __sig_exit
    defsig_rtmem_formal.o(.text) refers to rt_raise.o(.text) for __rt_raise
    rt_raise.o(.text) refers to __raise.o(.text) for __raise
    rt_raise.o(.text) refers to sys_exit.o(.text) for _sys_exit
    defsig_exit.o(.text) refers to sys_exit.o(.text) for _sys_exit
    defsig_rtmem_inner.o(.text) refers to defsig_general.o(.text) for __default_signal_display
    __raise.o(.text) refers to defsig.o(CL$$defsig) for __default_signal_handler
    defsig_general.o(.text) refers to sys_wrch.o(.text) for _ttywrch
    sys_wrch.o(.text) refers (Special) to use_no_semi.o(.text) for __I$use$semihosting
    sys_wrch.o(.text) refers (Special) to indicate_semi.o(.text) for __semihosting_library_function
    defsig.o(CL$$defsig) refers to defsig_rtmem_inner.o(.text) for __rt_SIGRTMEM_inner
    defsig_abrt_inner.o(.text) refers to defsig_general.o(.text) for __default_signal_display
    defsig_fpe_inner.o(.text) refers to defsig_general.o(.text) for __default_signal_display
    defsig_rtred_inner.o(.text) refers to defsig_general.o(.text) for __default_signal_display
    defsig_stak_inner.o(.text) refers to defsig_general.o(.text) for __default_signal_display
    defsig_pvfn_inner.o(.text) refers to defsig_general.o(.text) for __default_signal_display
    defsig_cppl_inner.o(.text) refers to defsig_general.o(.text) for __default_signal_display
    defsig_segv_inner.o(.text) refers to defsig_general.o(.text) for __default_signal_display
    defsig_other.o(.text) refers to defsig_general.o(.text) for __default_signal_display


==============================================================================

Removing Unused input sections from the image.

    Removing sample.o(.rev16_text), (4 bytes).
    Removing sample.o(.revsh_text), (4 bytes).
    Removing sample.o(.rrx_text), (6 bytes).
    Removing core_cm3.o(.emb_text), (32 bytes).
    Removing system_lpc17xx.o(.rev16_text), (4 bytes).
    Removing system_lpc17xx.o(.revsh_text), (4 bytes).
    Removing system_lpc17xx.o(.rrx_text), (6 bytes).
    Removing irq_timer.o(.rev16_text), (4 bytes).
    Removing irq_timer.o(.revsh_text), (4 bytes).
    Removing irq_timer.o(.rrx_text), (6 bytes).
    Removing lib_timer.o(.rev16_text), (4 bytes).
    Removing lib_timer.o(.revsh_text), (4 bytes).
    Removing lib_timer.o(.rrx_text), (6 bytes).
    Removing irq_button.o(.rev16_text), (4 bytes).
    Removing irq_button.o(.revsh_text), (4 bytes).
    Removing irq_button.o(.rrx_text), (6 bytes).
    Removing lib_button.o(.rev16_text), (4 bytes).
    Removing lib_button.o(.revsh_text), (4 bytes).
    Removing lib_button.o(.rrx_text), (6 bytes).
    Removing lib_button.o(.text), (248 bytes).
    Removing asm_functs.o(asm_functions), (10 bytes).
    Removing irq_rit.o(.rev16_text), (4 bytes).
    Removing irq_rit.o(.revsh_text), (4 bytes).
    Removing irq_rit.o(.rrx_text), (6 bytes).
    Removing lib_rit.o(.rev16_text), (4 bytes).
    Removing lib_rit.o(.revsh_text), (4 bytes).
    Removing lib_rit.o(.rrx_text), (6 bytes).
    Removing funct_led.o(.rev16_text), (4 bytes).
    Removing funct_led.o(.revsh_text), (4 bytes).
    Removing funct_led.o(.rrx_text), (6 bytes).
    Removing funct_led.o(.text), (108 bytes).
    Removing funct_led.o(.constdata), (32 bytes).
    Removing lib_led.o(.rev16_text), (4 bytes).
    Removing lib_led.o(.revsh_text), (4 bytes).
    Removing lib_led.o(.rrx_text), (6 bytes).
    Removing lib_led.o(.text), (64 bytes).
    Removing lib_led.o(.data), (1 bytes).
    Removing lib_joystick.o(.rev16_text), (4 bytes).
    Removing lib_joystick.o(.revsh_text), (4 bytes).
    Removing lib_joystick.o(.rrx_text), (6 bytes).
    Removing glcd.o(.rev16_text), (4 bytes).
    Removing glcd.o(.revsh_text), (4 bytes).
    Removing glcd.o(.rrx_text), (6 bytes).
    Removing hzlib.o(.text), (52 bytes).
    Removing hzlib.o(.constdata), (216576 bytes).
    Removing pic.o(.rev16_text), (4 bytes).
    Removing pic.o(.revsh_text), (4 bytes).
    Removing pic.o(.rrx_text), (6 bytes).
    Removing touchpanel.o(.rev16_text), (4 bytes).
    Removing touchpanel.o(.revsh_text), (4 bytes).
    Removing touchpanel.o(.rrx_text), (6 bytes).
    Removing music.o(.rev16_text), (4 bytes).
    Removing music.o(.revsh_text), (4 bytes).
    Removing music.o(.rrx_text), (6 bytes).
    Removing irq_adc.o(.rev16_text), (4 bytes).
    Removing irq_adc.o(.revsh_text), (4 bytes).
    Removing irq_adc.o(.rrx_text), (6 bytes).
    Removing lib_adc.o(.rev16_text), (4 bytes).
    Removing lib_adc.o(.revsh_text), (4 bytes).
    Removing lib_adc.o(.rrx_text), (6 bytes).

60 unused section(s) (total 217361 bytes) removed from the image.

==============================================================================

Image Symbol Table

    Local Symbols

    Symbol Name                              Value     Ov Type        Size  Object(Section)

    RESET                                    0x00000000   Section      204  startup_lpc17xx.o(RESET)
    ../clib/angel/boardlib.s                 0x00000000   Number         0  boardinit1.o ABSOLUTE
    ../clib/angel/boardlib.s                 0x00000000   Number         0  boardinit2.o ABSOLUTE
    ../clib/angel/boardlib.s                 0x00000000   Number         0  boardinit3.o ABSOLUTE
    ../clib/angel/boardlib.s                 0x00000000   Number         0  boardshut.o ABSOLUTE
    ../clib/angel/dczerorl2.s                0x00000000   Number         0  __dczerorl2.o ABSOLUTE
    ../clib/angel/handlers.s                 0x00000000   Number         0  __scatter_zi.o ABSOLUTE
    ../clib/angel/kernel.s                   0x00000000   Number         0  __rtentry.o ABSOLUTE
    ../clib/angel/kernel.s                   0x00000000   Number         0  __rtentry2.o ABSOLUTE
    ../clib/angel/kernel.s                   0x00000000   Number         0  __rtentry4.o ABSOLUTE
    ../clib/angel/kernel.s                   0x00000000   Number         0  rtexit.o ABSOLUTE
    ../clib/angel/kernel.s                   0x00000000   Number         0  rtexit2.o ABSOLUTE
    ../clib/angel/rt.s                       0x00000000   Number         0  rt_raise.o ABSOLUTE
    ../clib/angel/scatter.s                  0x00000000   Number         0  __scatter.o ABSOLUTE
    ../clib/angel/startup.s                  0x00000000   Number         0  __main.o ABSOLUTE
    ../clib/angel/sys.s                      0x00000000   Number         0  indicate_semi.o ABSOLUTE
    ../clib/angel/sys.s                      0x00000000   Number         0  use_no_semi.o ABSOLUTE
    ../clib/angel/sys.s                      0x00000000   Number         0  sys_stackheap_outer.o ABSOLUTE
    ../clib/angel/sys.s                      0x00000000   Number         0  libspace.o ABSOLUTE
    ../clib/angel/sysapp.c                   0x00000000   Number         0  sys_command.o ABSOLUTE
    ../clib/angel/sysapp.c                   0x00000000   Number         0  sys_exit.o ABSOLUTE
    ../clib/angel/sysapp.c                   0x00000000   Number         0  sys_wrch.o ABSOLUTE
    ../clib/armsys.c                         0x00000000   Number         0  argv_veneer.o ABSOLUTE
    ../clib/armsys.c                         0x00000000   Number         0  argv_veneer.o ABSOLUTE
    ../clib/armsys.c                         0x00000000   Number         0  _get_argv_nomalloc.o ABSOLUTE
    ../clib/armsys.c                         0x00000000   Number         0  no_argv.o ABSOLUTE
    ../clib/heapalloc.c                      0x00000000   Number         0  hrguard.o ABSOLUTE
    ../clib/heapaux.c                        0x00000000   Number         0  heapauxi.o ABSOLUTE
    ../clib/libinit.s                        0x00000000   Number         0  libshutdown2.o ABSOLUTE
    ../clib/libinit.s                        0x00000000   Number         0  libinit.o ABSOLUTE
    ../clib/libinit.s                        0x00000000   Number         0  libinit2.o ABSOLUTE
    ../clib/libinit.s                        0x00000000   Number         0  libshutdown.o ABSOLUTE
    ../clib/memcpset.s                       0x00000000   Number         0  rt_memcpy_w.o ABSOLUTE
    ../clib/memcpset.s                       0x00000000   Number         0  rt_memclr_w.o ABSOLUTE
    ../clib/memcpset.s                       0x00000000   Number         0  rt_memcpy_v6.o ABSOLUTE
    ../clib/misc.s                           0x00000000   Number         0  printf_stubs.o ABSOLUTE
    ../clib/printf.c                         0x00000000   Number         0  __printf_nopercent.o ABSOLUTE
    ../clib/printf.c                         0x00000000   Number         0  _sputc.o ABSOLUTE
    ../clib/printf.c                         0x00000000   Number         0  __printf_ss_wp.o ABSOLUTE
    ../clib/printf.c                         0x00000000   Number         0  __printf_flags_ss_wp.o ABSOLUTE
    ../clib/printf.c                         0x00000000   Number         0  __2sprintf.o ABSOLUTE
    ../clib/printf.c                         0x00000000   Number         0  noretval__2sprintf.o ABSOLUTE
    ../clib/printf.c                         0x00000000   Number         0  _printf_intcommon.o ABSOLUTE
    ../clib/printf.c                         0x00000000   Number         0  __printf.o ABSOLUTE
    ../clib/printf.c                         0x00000000   Number         0  _printf_pad.o ABSOLUTE
    ../clib/printf.c                         0x00000000   Number         0  _printf_dec.o ABSOLUTE
    ../clib/printf.c                         0x00000000   Number         0  __printf_flags.o ABSOLUTE
    ../clib/printf.c                         0x00000000   Number         0  __printf_ss.o ABSOLUTE
    ../clib/printf.c                         0x00000000   Number         0  __printf_flags_ss.o ABSOLUTE
    ../clib/printf.c                         0x00000000   Number         0  __printf_wp.o ABSOLUTE
    ../clib/printf.c                         0x00000000   Number         0  __printf_flags_wp.o ABSOLUTE
    ../clib/printf.c                         0x00000000   Number         0  _printf_char_common.o ABSOLUTE
    ../clib/printf_percent.s                 0x00000000   Number         0  _printf_d.o ABSOLUTE
    ../clib/printf_percent.s                 0x00000000   Number         0  _printf_percent.o ABSOLUTE
    ../clib/printf_percent.s                 0x00000000   Number         0  _printf_percent_end.o ABSOLUTE
    ../clib/signal.c                         0x00000000   Number         0  defsig_rtred_inner.o ABSOLUTE
    ../clib/signal.c                         0x00000000   Number         0  defsig_segv_inner.o ABSOLUTE
    ../clib/signal.c                         0x00000000   Number         0  defsig_general.o ABSOLUTE
    ../clib/signal.c                         0x00000000   Number         0  __raise.o ABSOLUTE
    ../clib/signal.c                         0x00000000   Number         0  defsig_rtmem_inner.o ABSOLUTE
    ../clib/signal.c                         0x00000000   Number         0  defsig_rtmem_outer.o ABSOLUTE
    ../clib/signal.c                         0x00000000   Number         0  defsig_rtmem_formal.o ABSOLUTE
    ../clib/signal.c                         0x00000000   Number         0  defsig_other.o ABSOLUTE
    ../clib/signal.c                         0x00000000   Number         0  defsig_fpe_inner.o ABSOLUTE
    ../clib/signal.c                         0x00000000   Number         0  defsig_cppl_inner.o ABSOLUTE
    ../clib/signal.c                         0x00000000   Number         0  defsig_exit.o ABSOLUTE
    ../clib/signal.c                         0x00000000   Number         0  defsig_pvfn_inner.o ABSOLUTE
    ../clib/signal.c                         0x00000000   Number         0  defsig_stak_inner.o ABSOLUTE
    ../clib/signal.c                         0x00000000   Number         0  defsig_abrt_inner.o ABSOLUTE
    ../clib/signal.s                         0x00000000   Number         0  defsig.o ABSOLUTE
    ../clib/stdlib.c                         0x00000000   Number         0  exit.o ABSOLUTE
    ../fplib/daddsub.s                       0x00000000   Number         0  daddsub_clz.o ABSOLUTE
    ../fplib/dcmpi.s                         0x00000000   Number         0  dcmpi.o ABSOLUTE
    ../fplib/ddiv.s                          0x00000000   Number         0  ddiv.o ABSOLUTE
    ../fplib/deqf.s                          0x00000000   Number         0  deqf.o ABSOLUTE
    ../fplib/dfixu.s                         0x00000000   Number         0  dfixu.o ABSOLUTE
    ../fplib/dflt.s                          0x00000000   Number         0  dflt_clz.o ABSOLUTE
    ../fplib/dmul.s                          0x00000000   Number         0  dmul.o ABSOLUTE
    ../fplib/dnaninf.s                       0x00000000   Number         0  dnaninf.o ABSOLUTE
    ../fplib/dretinf.s                       0x00000000   Number         0  dretinf.o ABSOLUTE
    ../fplib/ffixu.s                         0x00000000   Number         0  ffixu.o ABSOLUTE
    ../fplib/fflt.s                          0x00000000   Number         0  fflt_clz.o ABSOLUTE
    ../fplib/fmul.s                          0x00000000   Number         0  fmul.o ABSOLUTE
    ../fplib/fnaninf.s                       0x00000000   Number         0  fnaninf.o ABSOLUTE
    ../fplib/fpinit.s                        0x00000000   Number         0  fpinit.o ABSOLUTE
    ../fplib/fretinf.s                       0x00000000   Number         0  fretinf.o ABSOLUTE
    ../fplib/usenofp.s                       0x00000000   Number         0  usenofp.o ABSOLUTE
    ..\GLCD\AsciiLib.c                       0x00000000   Number         0  asciilib.o ABSOLUTE
    ..\GLCD\GLCD.c                           0x00000000   Number         0  glcd.o ABSOLUTE
    ..\GLCD\HzLib.c                          0x00000000   Number         0  hzlib.o ABSOLUTE
    ..\TP\TouchPanel.c                       0x00000000   Number         0  touchpanel.o ABSOLUTE
    ..\\GLCD\\GLCD.c                         0x00000000   Number         0  glcd.o ABSOLUTE
    ..\\TP\\TouchPanel.c                     0x00000000   Number         0  touchpanel.o ABSOLUTE
    ..\\adc\\IRQ_adc.c                       0x00000000   Number         0  irq_adc.o ABSOLUTE
    ..\\adc\\lib_adc.c                       0x00000000   Number         0  lib_adc.o ABSOLUTE
    ..\\music\\music.c                       0x00000000   Number         0  music.o ABSOLUTE
    ..\adc\IRQ_adc.c                         0x00000000   Number         0  irq_adc.o ABSOLUTE
    ..\adc\lib_adc.c                         0x00000000   Number         0  lib_adc.o ABSOLUTE
    ..\music\music.c                         0x00000000   Number         0  music.o ABSOLUTE
    ASM_functs.s                             0x00000000   Number         0  asm_functs.o ABSOLUTE
    RIT\IRQ_RIT.c                            0x00000000   Number         0  irq_rit.o ABSOLUTE
    RIT\\IRQ_RIT.c                           0x00000000   Number         0  irq_rit.o ABSOLUTE
    RIT\\lib_RIT.c                           0x00000000   Number         0  lib_rit.o ABSOLUTE
    RIT\lib_RIT.c                            0x00000000   Number         0  lib_rit.o ABSOLUTE
    button_EXINT\IRQ_button.c                0x00000000   Number         0  irq_button.o ABSOLUTE
    button_EXINT\\IRQ_button.c               0x00000000   Number         0  irq_button.o ABSOLUTE
    button_EXINT\\lib_button.c               0x00000000   Number         0  lib_button.o ABSOLUTE
    button_EXINT\lib_button.c                0x00000000   Number         0  lib_button.o ABSOLUTE
    core_cm3.c                               0x00000000   Number         0  core_cm3.o ABSOLUTE
    core_cm3.c                               0x00000000   Number         0  core_cm3.o ABSOLUTE
    dc.s                                     0x00000000   Number         0  dc.o ABSOLUTE
    joystick\\lib_joystick.c                 0x00000000   Number         0  lib_joystick.o ABSOLUTE
    joystick\lib_joystick.c                  0x00000000   Number         0  lib_joystick.o ABSOLUTE
    led\\funct_led.c                         0x00000000   Number         0  funct_led.o ABSOLUTE
    led\\lib_led.c                           0x00000000   Number         0  lib_led.o ABSOLUTE
    led\funct_led.c                          0x00000000   Number         0  funct_led.o ABSOLUTE
    led\lib_led.c                            0x00000000   Number         0  lib_led.o ABSOLUTE
    sample.c                                 0x00000000   Number         0  sample.o ABSOLUTE
    sample.c                                 0x00000000   Number         0  sample.o ABSOLUTE
    sprite\\pic.c                            0x00000000   Number         0  pic.o ABSOLUTE
    sprite\pic.c                             0x00000000   Number         0  pic.o ABSOLUTE
    startup_LPC17xx.s                        0x00000000   Number         0  startup_lpc17xx.o ABSOLUTE
    system_LPC17xx.c                         0x00000000   Number         0  system_lpc17xx.o ABSOLUTE
    system_LPC17xx.c                         0x00000000   Number         0  system_lpc17xx.o ABSOLUTE
    timer\IRQ_timer.c                        0x00000000   Number         0  irq_timer.o ABSOLUTE
    timer\\IRQ_timer.c                       0x00000000   Number         0  irq_timer.o ABSOLUTE
    timer\\lib_timer.c                       0x00000000   Number         0  lib_timer.o ABSOLUTE
    timer\lib_timer.c                        0x00000000   Number         0  lib_timer.o ABSOLUTE
    !!!main                                  0x000000cc   Section        8  __main.o(!!!main)
    !!!scatter                               0x000000d4   Section       52  __scatter.o(!!!scatter)
    !!dczerorl2                              0x00000108   Section       90  __dczerorl2.o(!!dczerorl2)
    !!handler_zi                             0x00000164   Section       28  __scatter_zi.o(!!handler_zi)
    .ARM.Collect$$_printf_percent$$00000000  0x00000180   Section        0  _printf_percent.o(.ARM.Collect$$_printf_percent$$00000000)
    .ARM.Collect$$_printf_percent$$00000009  0x00000180   Section        6  _printf_d.o(.ARM.Collect$$_printf_percent$$00000009)
    .ARM.Collect$$_printf_percent$$00000017  0x00000186   Section        4  _printf_percent_end.o(.ARM.Collect$$_printf_percent$$00000017)
    .ARM.Collect$$libinit$$00000000          0x0000018a   Section        2  libinit.o(.ARM.Collect$$libinit$$00000000)
    .ARM.Collect$$libinit$$00000002          0x0000018c   Section        0  libinit2.o(.ARM.Collect$$libinit$$00000002)
    .ARM.Collect$$libinit$$00000004          0x0000018c   Section        0  libinit2.o(.ARM.Collect$$libinit$$00000004)
    .ARM.Collect$$libinit$$0000000A          0x0000018c   Section        0  libinit2.o(.ARM.Collect$$libinit$$0000000A)
    .ARM.Collect$$libinit$$0000000C          0x0000018c   Section        0  libinit2.o(.ARM.Collect$$libinit$$0000000C)
    .ARM.Collect$$libinit$$0000000E          0x0000018c   Section        0  libinit2.o(.ARM.Collect$$libinit$$0000000E)
    .ARM.Collect$$libinit$$00000011          0x0000018c   Section        0  libinit2.o(.ARM.Collect$$libinit$$00000011)
    .ARM.Collect$$libinit$$00000013          0x0000018c   Section        0  libinit2.o(.ARM.Collect$$libinit$$00000013)
    .ARM.Collect$$libinit$$00000015          0x0000018c   Section        0  libinit2.o(.ARM.Collect$$libinit$$00000015)
    .ARM.Collect$$libinit$$00000017          0x0000018c   Section        0  libinit2.o(.ARM.Collect$$libinit$$00000017)
    .ARM.Collect$$libinit$$00000019          0x0000018c   Section        0  libinit2.o(.ARM.Collect$$libinit$$00000019)
    .ARM.Collect$$libinit$$0000001B          0x0000018c   Section        0  libinit2.o(.ARM.Collect$$libinit$$0000001B)
    .ARM.Collect$$libinit$$0000001D          0x0000018c   Section        0  libinit2.o(.ARM.Collect$$libinit$$0000001D)
    .ARM.Collect$$libinit$$0000001F          0x0000018c   Section        0  libinit2.o(.ARM.Collect$$libinit$$0000001F)
    .ARM.Collect$$libinit$$00000021          0x0000018c   Section        0  libinit2.o(.ARM.Collect$$libinit$$00000021)
    .ARM.Collect$$libinit$$00000023          0x0000018c   Section        0  libinit2.o(.ARM.Collect$$libinit$$00000023)
    .ARM.Collect$$libinit$$00000025          0x0000018c   Section        0  libinit2.o(.ARM.Collect$$libinit$$00000025)
    .ARM.Collect$$libinit$$0000002C          0x0000018c   Section        0  libinit2.o(.ARM.Collect$$libinit$$0000002C)
    .ARM.Collect$$libinit$$0000002E          0x0000018c   Section        0  libinit2.o(.ARM.Collect$$libinit$$0000002E)
    .ARM.Collect$$libinit$$00000030          0x0000018c   Section        0  libinit2.o(.ARM.Collect$$libinit$$00000030)
    .ARM.Collect$$libinit$$00000032          0x0000018c   Section        0  libinit2.o(.ARM.Collect$$libinit$$00000032)
    .ARM.Collect$$libinit$$00000033          0x0000018c   Section        2  libinit2.o(.ARM.Collect$$libinit$$00000033)
    .ARM.Collect$$libshutdown$$00000000      0x0000018e   Section        2  libshutdown.o(.ARM.Collect$$libshutdown$$00000000)
    .ARM.Collect$$libshutdown$$00000002      0x00000190   Section        0  libshutdown2.o(.ARM.Collect$$libshutdown$$00000002)
    .ARM.Collect$$libshutdown$$00000004      0x00000190   Section        0  libshutdown2.o(.ARM.Collect$$libshutdown$$00000004)
    .ARM.Collect$$libshutdown$$00000006      0x00000190   Section        0  libshutdown2.o(.ARM.Collect$$libshutdown$$00000006)
    .ARM.Collect$$libshutdown$$00000009      0x00000190   Section        0  libshutdown2.o(.ARM.Collect$$libshutdown$$00000009)
    .ARM.Collect$$libshutdown$$0000000C      0x00000190   Section        0  libshutdown2.o(.ARM.Collect$$libshutdown$$0000000C)
    .ARM.Collect$$libshutdown$$0000000E      0x00000190   Section        0  libshutdown2.o(.ARM.Collect$$libshutdown$$0000000E)
    .ARM.Collect$$libshutdown$$00000011      0x00000190   Section        0  libshutdown2.o(.ARM.Collect$$libshutdown$$00000011)
    .ARM.Collect$$libshutdown$$00000012      0x00000190   Section        2  libshutdown2.o(.ARM.Collect$$libshutdown$$00000012)
    .ARM.Collect$$rtentry$$00000000          0x00000192   Section        0  __rtentry.o(.ARM.Collect$$rtentry$$00000000)
    .ARM.Collect$$rtentry$$00000002          0x00000192   Section        0  __rtentry2.o(.ARM.Collect$$rtentry$$00000002)
    .ARM.Collect$$rtentry$$00000004          0x00000192   Section        6  __rtentry4.o(.ARM.Collect$$rtentry$$00000004)
    .ARM.Collect$$rtentry$$00000009          0x00000198   Section        0  __rtentry2.o(.ARM.Collect$$rtentry$$00000009)
    .ARM.Collect$$rtentry$$0000000A          0x00000198   Section        4  __rtentry2.o(.ARM.Collect$$rtentry$$0000000A)
    .ARM.Collect$$rtentry$$0000000C          0x0000019c   Section        0  __rtentry2.o(.ARM.Collect$$rtentry$$0000000C)
    .ARM.Collect$$rtentry$$0000000D          0x0000019c   Section        8  __rtentry2.o(.ARM.Collect$$rtentry$$0000000D)
    .ARM.Collect$$rtexit$$00000000           0x000001a4   Section        2  rtexit.o(.ARM.Collect$$rtexit$$00000000)
    .ARM.Collect$$rtexit$$00000002           0x000001a6   Section        0  rtexit2.o(.ARM.Collect$$rtexit$$00000002)
    .ARM.Collect$$rtexit$$00000003           0x000001a6   Section        4  rtexit2.o(.ARM.Collect$$rtexit$$00000003)
    .ARM.Collect$$rtexit$$00000004           0x000001aa   Section        6  rtexit2.o(.ARM.Collect$$rtexit$$00000004)
    .text                                    0x000001b0   Section       52  startup_lpc17xx.o(.text)
    .text                                    0x000001e4   Section        0  sample.o(.text)
    .text                                    0x000002ac   Section        0  asciilib.o(.text)
    .text                                    0x000002cc   Section        0  noretval__2sprintf.o(.text)
    .text                                    0x000002f4   Section        0  heapauxi.o(.text)
    .text                                    0x000002fa   Section        2  use_no_semi.o(.text)
    .ARM.__at_0x02FC                         0x000002fc   Section        4  startup_lpc17xx.o(.ARM.__at_0x02FC)
    .text                                    0x00000300   Section        0  system_lpc17xx.o(.text)
    .text                                    0x0000054c   Section        0  irq_timer.o(.text)
    .text                                    0x0000093c   Section        0  lib_timer.o(.text)
    __NVIC_EnableIRQ                         0x0000093d   Thumb Code    34  lib_timer.o(.text)
    __NVIC_SetPriority                       0x0000095f   Thumb Code    32  lib_timer.o(.text)
    .text                                    0x00000cac   Section        0  irq_button.o(.text)
    __NVIC_DisableIRQ                        0x00000cad   Thumb Code    30  irq_button.o(.text)
    .text                                    0x00000d6c   Section        0  irq_rit.o(.text)
    .text                                    0x000011cc   Section        0  lib_rit.o(.text)
    .text                                    0x000012e4   Section        0  lib_joystick.o(.text)
    .text                                    0x00001374   Section        0  glcd.o(.text)
    LCD_Configuration                        0x00001375   Thumb Code    20  glcd.o(.text)
    LCD_SetCursor                            0x00001395   Thumb Code  1368  glcd.o(.text)
    delay_ms                                 0x000018ed   Thumb Code    30  glcd.o(.text)
    LCD_BGR2RGB                              0x00004de9   Thumb Code    26  glcd.o(.text)
    .text                                    0x00005510   Section        0  pic.o(.text)
    .text                                    0x0000569c   Section        0  touchpanel.o(.text)
    ADS7843_SPI_Init                         0x000056ad   Thumb Code   128  touchpanel.o(.text)
    DelayUS                                  0x0000574b   Thumb Code    28  touchpanel.o(.text)
    WR_CMD                                   0x00005767   Thumb Code    56  touchpanel.o(.text)
    RD_AD                                    0x0000579f   Thumb Code    42  touchpanel.o(.text)
    .text                                    0x0000601c   Section        0  music.o(.text)
    .text                                    0x00006080   Section        0  irq_adc.o(.text)
    .text                                    0x00006128   Section        0  lib_adc.o(.text)
    .text                                    0x00006194   Section        0  _printf_pad.o(.text)
    .text                                    0x000061e4   Section        0  _printf_dec.o(.text)
    .text                                    0x0000625c   Section        0  __printf_flags_wp.o(.text)
    .text                                    0x00006394   Section      138  rt_memcpy_v6.o(.text)
    .text                                    0x0000641e   Section       78  rt_memclr_w.o(.text)
    .text                                    0x0000646c   Section        0  _printf_intcommon.o(.text)
    .text                                    0x00006520   Section        0  _printf_char_common.o(.text)
    _printf_input_char                       0x00006521   Thumb Code    10  _printf_char_common.o(.text)
    .text                                    0x00006550   Section        0  _sputc.o(.text)
    .text                                    0x0000655a   Section      100  rt_memcpy_w.o(.text)
    .text                                    0x000065be   Section       74  sys_stackheap_outer.o(.text)
    .text                                    0x00006608   Section        0  exit.o(.text)
    .text                                    0x0000661c   Section        8  libspace.o(.text)
    .text                                    0x00006624   Section        0  sys_exit.o(.text)
    .text                                    0x00006630   Section        0  indicate_semi.o(.text)
    i._is_digit                              0x00006630   Section        0  __printf_wp.o(i._is_digit)
    x$fpl$dadd                               0x00006640   Section      336  daddsub_clz.o(x$fpl$dadd)
    _dadd1                                   0x00006651   Thumb Code     0  daddsub_clz.o(x$fpl$dadd)
    x$fpl$dcmpinf                            0x00006790   Section       24  dcmpi.o(x$fpl$dcmpinf)
    x$fpl$ddiv                               0x000067a8   Section      688  ddiv.o(x$fpl$ddiv)
    ddiv_entry                               0x000067af   Thumb Code     0  ddiv.o(x$fpl$ddiv)
    x$fpl$deqf                               0x00006a58   Section      120  deqf.o(x$fpl$deqf)
    x$fpl$dfixu                              0x00006ad0   Section       90  dfixu.o(x$fpl$dfixu)
    x$fpl$dflt                               0x00006b2a   Section       46  dflt_clz.o(x$fpl$dflt)
    x$fpl$dfltu                              0x00006b58   Section       38  dflt_clz.o(x$fpl$dfltu)
    x$fpl$dmul                               0x00006b80   Section      340  dmul.o(x$fpl$dmul)
    x$fpl$dnaninf                            0x00006cd4   Section      156  dnaninf.o(x$fpl$dnaninf)
    x$fpl$dretinf                            0x00006d70   Section       12  dretinf.o(x$fpl$dretinf)
    x$fpl$dsub                               0x00006d7c   Section      468  daddsub_clz.o(x$fpl$dsub)
    _dsub1                                   0x00006d8d   Thumb Code     0  daddsub_clz.o(x$fpl$dsub)
    x$fpl$ffixu                              0x00006f50   Section       62  ffixu.o(x$fpl$ffixu)
    x$fpl$ffltu                              0x00006f90   Section       38  fflt_clz.o(x$fpl$ffltu)
    x$fpl$fmul                               0x00006fb8   Section      258  fmul.o(x$fpl$fmul)
    x$fpl$fnaninf                            0x000070ba   Section      140  fnaninf.o(x$fpl$fnaninf)
    x$fpl$fretinf                            0x00007146   Section       10  fretinf.o(x$fpl$fretinf)
    .constdata                               0x00007150   Section     1520  asciilib.o(.constdata)
    x$fpl$usenofp                            0x00007150   Section        0  usenofp.o(x$fpl$usenofp)
    AsciiLib                                 0x00007150   Data        1520  asciilib.o(.constdata)
    .constdata                               0x00007740   Section    44908  pic.o(.constdata)
    SPEAKER_pixel_data                       0x00007740   Data         201  pic.o(.constdata)
    MUTE_pixel_data                          0x00007809   Data         201  pic.o(.constdata)
    L1_pixel_data                            0x000078d2   Data         201  pic.o(.constdata)
    L2_pixel_data                            0x0000799b   Data         201  pic.o(.constdata)
    L3_pixel_data                            0x00007a64   Data         201  pic.o(.constdata)
    BREATH_0_pixel_data                      0x00007b2d   Data        2889  pic.o(.constdata)
    BREATH_1_pixel_data                      0x00008676   Data        2889  pic.o(.constdata)
    CUDDLE_pixel_data                        0x000091bf   Data        2889  pic.o(.constdata)
    CUDDLE_1_pixel_data                      0x00009d08   Data        2889  pic.o(.constdata)
    CUDDLE_2_pixel_data                      0x0000a851   Data        2889  pic.o(.constdata)
    D1_pixel_data                            0x0000b39a   Data        2889  pic.o(.constdata)
    D2_pixel_data                            0x0000bee3   Data        2889  pic.o(.constdata)
    D3_pixel_data                            0x0000ca2c   Data        9121  pic.o(.constdata)
    WHITE_pixel_data                         0x0000edcd   Data        2889  pic.o(.constdata)
    H1_pixel_data                            0x0000f916   Data        1945  pic.o(.constdata)
    H2_pixel_data                            0x000100af   Data        1945  pic.o(.constdata)
    H3_pixel_data                            0x00010848   Data        1945  pic.o(.constdata)
    S1_pixel_data                            0x00010fe1   Data        1945  pic.o(.constdata)
    S2_pixel_data                            0x0001177a   Data        1945  pic.o(.constdata)
    S3_pixel_data                            0x00011f13   Data        1945  pic.o(.constdata)
    .constdata                               0x000126ac   Section       17  __printf_flags_wp.o(.constdata)
    maptable                                 0x000126ac   Data          17  __printf_flags_wp.o(.constdata)
    STACK                                    0x10000000   Section      512  startup_lpc17xx.o(STACK)
    Stack_Mem                                0x10000000   Data         512  startup_lpc17xx.o(STACK)
    __initial_sp                             0x10000200   Data           0  startup_lpc17xx.o(STACK)
    .data                                    0x2007c000   Section        5  system_lpc17xx.o(.data)
    .data                                    0x2007c008   Section      132  irq_timer.o(.data)
    seconds                                  0x2007c080   Data           4  irq_timer.o(.data)
    ticks                                    0x2007c084   Data           4  irq_timer.o(.data)
    scaled                                   0x2007c088   Data           4  irq_timer.o(.data)
    .data                                    0x2007c08c   Section        1  lib_button.o(.data)
    .data                                    0x2007c090   Section      124  irq_rit.o(.data)
    currentNote                              0x2007c090   Data           4  irq_rit.o(.data)
    ticks                                    0x2007c094   Data           4  irq_rit.o(.data)
    .data                                    0x2007c10c   Section        2  lib_rit.o(.data)
    .data                                    0x2007c10e   Section        1  glcd.o(.data)
    LCD_Code                                 0x2007c10e   Data           1  glcd.o(.data)
    .data                                    0x2007c110   Section       20  touchpanel.o(.data)
    screen                                   0x2007c120   Data           4  touchpanel.o(.data)
    .data                                    0x2007c124   Section       12  irq_adc.o(.data)
    current_volume                           0x2007c128   Data           2  irq_adc.o(.data)
    last_volume                              0x2007c12c   Data           4  irq_adc.o(.data)
    .bss                                     0x2007c130   Section       68  touchpanel.o(.bss)
    .bss                                     0x2007c174   Section       96  libspace.o(.bss)
    HEAP                                     0x2007c1d8   Section        0  startup_lpc17xx.o(HEAP)
    Heap_Mem                                 0x2007c1d8   Data           0  startup_lpc17xx.o(HEAP)

    Global Symbols

    Symbol Name                              Value     Ov Type        Size  Object(Section)

    BuildAttributes$$THM_ISAv4$P$D$K$B$S$PE$A:L22UL41UL21$X:L11$S22US41US21$IEEE1$IW$USESV6$~STKCKD$USESV7$~SHL$OSPACE$ROPI$EBA8$UX$STANDARDLIB$REQ8$PRES8$EABIv2 0x00000000   Number         0  anon$$obj.o ABSOLUTE
    __ARM_use_no_argv                        0x00000000   Number         0  sample.o ABSOLUTE
    __Vectors                                0x00000000   Data           4  startup_lpc17xx.o(RESET)
    _printf_flags                            0x00000000   Number         0  printf_stubs.o ABSOLUTE
    _printf_return_value                     0x00000000   Number         0  printf_stubs.o ABSOLUTE
    _printf_sizespec                         0x00000000   Number         0  printf_stubs.o ABSOLUTE
    _printf_widthprec                        0x00000000   Number         0  printf_stubs.o ABSOLUTE
    __ARM_exceptions_init                     - Undefined Weak Reference
    __alloca_initialize                       - Undefined Weak Reference
    __arm_fini_                               - Undefined Weak Reference
    __arm_preinit_                            - Undefined Weak Reference
    __cpp_initialize__aeabi_                  - Undefined Weak Reference
    __cxa_finalize                            - Undefined Weak Reference
    __rt_locale                               - Undefined Weak Reference
    __sigvec_lookup                           - Undefined Weak Reference
    _atexit_init                              - Undefined Weak Reference
    _call_atexit_fns                          - Undefined Weak Reference
    _clock_init                               - Undefined Weak Reference
    _fp_trap_init                             - Undefined Weak Reference
    _fp_trap_shutdown                         - Undefined Weak Reference
    _get_lc_collate                           - Undefined Weak Reference
    _get_lc_ctype                             - Undefined Weak Reference
    _get_lc_monetary                          - Undefined Weak Reference
    _get_lc_numeric                           - Undefined Weak Reference
    _get_lc_time                              - Undefined Weak Reference
    _getenv_init                              - Undefined Weak Reference
    _handle_redirection                       - Undefined Weak Reference
    _init_alloc                               - Undefined Weak Reference
    _init_user_alloc                          - Undefined Weak Reference
    _initio                                   - Undefined Weak Reference
    _printf_truncate_signed                   - Undefined Weak Reference
    _printf_truncate_unsigned                 - Undefined Weak Reference
    _rand_init                                - Undefined Weak Reference
    _signal_finish                            - Undefined Weak Reference
    _signal_init                              - Undefined Weak Reference
    _terminate_alloc                          - Undefined Weak Reference
    _terminate_user_alloc                     - Undefined Weak Reference
    _terminateio                              - Undefined Weak Reference
    __main                                   0x000000cd   Thumb Code     8  __main.o(!!!main)
    __scatterload                            0x000000d5   Thumb Code     0  __scatter.o(!!!scatter)
    __scatterload_rt2                        0x000000d5   Thumb Code    44  __scatter.o(!!!scatter)
    __scatterload_rt2_thumb_only             0x000000d5   Thumb Code     0  __scatter.o(!!!scatter)
    __scatterload_null                       0x000000e3   Thumb Code     0  __scatter.o(!!!scatter)
    __decompress                             0x00000109   Thumb Code    90  __dczerorl2.o(!!dczerorl2)
    __decompress1                            0x00000109   Thumb Code     0  __dczerorl2.o(!!dczerorl2)
    __scatterload_zeroinit                   0x00000165   Thumb Code    28  __scatter_zi.o(!!handler_zi)
    _printf_d                                0x00000181   Thumb Code     0  _printf_d.o(.ARM.Collect$$_printf_percent$$00000009)
    _printf_percent                          0x00000181   Thumb Code     0  _printf_percent.o(.ARM.Collect$$_printf_percent$$00000000)
    _printf_percent_end                      0x00000187   Thumb Code     0  _printf_percent_end.o(.ARM.Collect$$_printf_percent$$00000017)
    __rt_lib_init                            0x0000018b   Thumb Code     0  libinit.o(.ARM.Collect$$libinit$$00000000)
    __rt_lib_init_alloca_1                   0x0000018d   Thumb Code     0  libinit2.o(.ARM.Collect$$libinit$$0000002E)
    __rt_lib_init_argv_1                     0x0000018d   Thumb Code     0  libinit2.o(.ARM.Collect$$libinit$$0000002C)
    __rt_lib_init_atexit_1                   0x0000018d   Thumb Code     0  libinit2.o(.ARM.Collect$$libinit$$0000001B)
    __rt_lib_init_clock_1                    0x0000018d   Thumb Code     0  libinit2.o(.ARM.Collect$$libinit$$00000021)
    __rt_lib_init_cpp_1                      0x0000018d   Thumb Code     0  libinit2.o(.ARM.Collect$$libinit$$00000032)
    __rt_lib_init_exceptions_1               0x0000018d   Thumb Code     0  libinit2.o(.ARM.Collect$$libinit$$00000030)
    __rt_lib_init_fp_1                       0x0000018d   Thumb Code     0  libinit2.o(.ARM.Collect$$libinit$$00000002)
    __rt_lib_init_fp_trap_1                  0x0000018d   Thumb Code     0  libinit2.o(.ARM.Collect$$libinit$$0000001F)
    __rt_lib_init_getenv_1                   0x0000018d   Thumb Code     0  libinit2.o(.ARM.Collect$$libinit$$00000023)
    __rt_lib_init_heap_1                     0x0000018d   Thumb Code     0  libinit2.o(.ARM.Collect$$libinit$$0000000A)
    __rt_lib_init_lc_collate_1               0x0000018d   Thumb Code     0  libinit2.o(.ARM.Collect$$libinit$$00000011)
    __rt_lib_init_lc_ctype_1                 0x0000018d   Thumb Code     0  libinit2.o(.ARM.Collect$$libinit$$00000013)
    __rt_lib_init_lc_monetary_1              0x0000018d   Thumb Code     0  libinit2.o(.ARM.Collect$$libinit$$00000015)
    __rt_lib_init_lc_numeric_1               0x0000018d   Thumb Code     0  libinit2.o(.ARM.Collect$$libinit$$00000017)
    __rt_lib_init_lc_time_1                  0x0000018d   Thumb Code     0  libinit2.o(.ARM.Collect$$libinit$$00000019)
    __rt_lib_init_preinit_1                  0x0000018d   Thumb Code     0  libinit2.o(.ARM.Collect$$libinit$$00000004)
    __rt_lib_init_rand_1                     0x0000018d   Thumb Code     0  libinit2.o(.ARM.Collect$$libinit$$0000000E)
    __rt_lib_init_return                     0x0000018d   Thumb Code     0  libinit2.o(.ARM.Collect$$libinit$$00000033)
    __rt_lib_init_signal_1                   0x0000018d   Thumb Code     0  libinit2.o(.ARM.Collect$$libinit$$0000001D)
    __rt_lib_init_stdio_1                    0x0000018d   Thumb Code     0  libinit2.o(.ARM.Collect$$libinit$$00000025)
    __rt_lib_init_user_alloc_1               0x0000018d   Thumb Code     0  libinit2.o(.ARM.Collect$$libinit$$0000000C)
    __rt_lib_shutdown                        0x0000018f   Thumb Code     0  libshutdown.o(.ARM.Collect$$libshutdown$$00000000)
    __rt_lib_shutdown_cpp_1                  0x00000191   Thumb Code     0  libshutdown2.o(.ARM.Collect$$libshutdown$$00000004)
    __rt_lib_shutdown_fini_1                 0x00000191   Thumb Code     0  libshutdown2.o(.ARM.Collect$$libshutdown$$00000002)
    __rt_lib_shutdown_fp_trap_1              0x00000191   Thumb Code     0  libshutdown2.o(.ARM.Collect$$libshutdown$$00000009)
    __rt_lib_shutdown_heap_1                 0x00000191   Thumb Code     0  libshutdown2.o(.ARM.Collect$$libshutdown$$00000011)
    __rt_lib_shutdown_return                 0x00000191   Thumb Code     0  libshutdown2.o(.ARM.Collect$$libshutdown$$00000012)
    __rt_lib_shutdown_signal_1               0x00000191   Thumb Code     0  libshutdown2.o(.ARM.Collect$$libshutdown$$0000000C)
    __rt_lib_shutdown_stdio_1                0x00000191   Thumb Code     0  libshutdown2.o(.ARM.Collect$$libshutdown$$00000006)
    __rt_lib_shutdown_user_alloc_1           0x00000191   Thumb Code     0  libshutdown2.o(.ARM.Collect$$libshutdown$$0000000E)
    __rt_entry                               0x00000193   Thumb Code     0  __rtentry.o(.ARM.Collect$$rtentry$$00000000)
    __rt_entry_presh_1                       0x00000193   Thumb Code     0  __rtentry2.o(.ARM.Collect$$rtentry$$00000002)
    __rt_entry_sh                            0x00000193   Thumb Code     0  __rtentry4.o(.ARM.Collect$$rtentry$$00000004)
    __rt_entry_li                            0x00000199   Thumb Code     0  __rtentry2.o(.ARM.Collect$$rtentry$$0000000A)
    __rt_entry_postsh_1                      0x00000199   Thumb Code     0  __rtentry2.o(.ARM.Collect$$rtentry$$00000009)
    __rt_entry_main                          0x0000019d   Thumb Code     0  __rtentry2.o(.ARM.Collect$$rtentry$$0000000D)
    __rt_entry_postli_1                      0x0000019d   Thumb Code     0  __rtentry2.o(.ARM.Collect$$rtentry$$0000000C)
    __rt_exit                                0x000001a5   Thumb Code     0  rtexit.o(.ARM.Collect$$rtexit$$00000000)
    __rt_exit_ls                             0x000001a7   Thumb Code     0  rtexit2.o(.ARM.Collect$$rtexit$$00000003)
    __rt_exit_prels_1                        0x000001a7   Thumb Code     0  rtexit2.o(.ARM.Collect$$rtexit$$00000002)
    __rt_exit_exit                           0x000001ab   Thumb Code     0  rtexit2.o(.ARM.Collect$$rtexit$$00000004)
    Reset_Handler                            0x000001b1   Thumb Code     4  startup_lpc17xx.o(.text)
    NMI_Handler                              0x000001b5   Thumb Code     2  startup_lpc17xx.o(.text)
    HardFault_Handler                        0x000001b7   Thumb Code     2  startup_lpc17xx.o(.text)
    MemManage_Handler                        0x000001b9   Thumb Code     2  startup_lpc17xx.o(.text)
    BusFault_Handler                         0x000001bb   Thumb Code     2  startup_lpc17xx.o(.text)
    UsageFault_Handler                       0x000001bd   Thumb Code     2  startup_lpc17xx.o(.text)
    SVC_Handler                              0x000001bf   Thumb Code     2  startup_lpc17xx.o(.text)
    DebugMon_Handler                         0x000001c1   Thumb Code     2  startup_lpc17xx.o(.text)
    PendSV_Handler                           0x000001c3   Thumb Code     2  startup_lpc17xx.o(.text)
    SysTick_Handler                          0x000001c5   Thumb Code     2  startup_lpc17xx.o(.text)
    BOD_IRQHandler                           0x000001c7   Thumb Code     0  startup_lpc17xx.o(.text)
    CANActivity_IRQHandler                   0x000001c7   Thumb Code     0  startup_lpc17xx.o(.text)
    CAN_IRQHandler                           0x000001c7   Thumb Code     0  startup_lpc17xx.o(.text)
    DMA_IRQHandler                           0x000001c7   Thumb Code     0  startup_lpc17xx.o(.text)
    EINT3_IRQHandler                         0x000001c7   Thumb Code     0  startup_lpc17xx.o(.text)
    ENET_IRQHandler                          0x000001c7   Thumb Code     0  startup_lpc17xx.o(.text)
    I2C0_IRQHandler                          0x000001c7   Thumb Code     0  startup_lpc17xx.o(.text)
    I2C1_IRQHandler                          0x000001c7   Thumb Code     0  startup_lpc17xx.o(.text)
    I2C2_IRQHandler                          0x000001c7   Thumb Code     0  startup_lpc17xx.o(.text)
    I2S_IRQHandler                           0x000001c7   Thumb Code     0  startup_lpc17xx.o(.text)
    MCPWM_IRQHandler                         0x000001c7   Thumb Code     0  startup_lpc17xx.o(.text)
    PLL0_IRQHandler                          0x000001c7   Thumb Code     0  startup_lpc17xx.o(.text)
    PLL1_IRQHandler                          0x000001c7   Thumb Code     0  startup_lpc17xx.o(.text)
    PWM1_IRQHandler                          0x000001c7   Thumb Code     0  startup_lpc17xx.o(.text)
    QEI_IRQHandler                           0x000001c7   Thumb Code     0  startup_lpc17xx.o(.text)
    RTC_IRQHandler                           0x000001c7   Thumb Code     0  startup_lpc17xx.o(.text)
    SPI_IRQHandler                           0x000001c7   Thumb Code     0  startup_lpc17xx.o(.text)
    SSP0_IRQHandler                          0x000001c7   Thumb Code     0  startup_lpc17xx.o(.text)
    SSP1_IRQHandler                          0x000001c7   Thumb Code     0  startup_lpc17xx.o(.text)
    UART0_IRQHandler                         0x000001c7   Thumb Code     0  startup_lpc17xx.o(.text)
    UART1_IRQHandler                         0x000001c7   Thumb Code     0  startup_lpc17xx.o(.text)
    UART2_IRQHandler                         0x000001c7   Thumb Code     0  startup_lpc17xx.o(.text)
    UART3_IRQHandler                         0x000001c7   Thumb Code     0  startup_lpc17xx.o(.text)
    USBActivity_IRQHandler                   0x000001c7   Thumb Code     0  startup_lpc17xx.o(.text)
    USB_IRQHandler                           0x000001c7   Thumb Code     0  startup_lpc17xx.o(.text)
    WDT_IRQHandler                           0x000001c7   Thumb Code     0  startup_lpc17xx.o(.text)
    __user_initial_stackheap                 0x000001c9   Thumb Code     0  startup_lpc17xx.o(.text)
    main                                     0x000001e5   Thumb Code   180  sample.o(.text)
    GetASCIICode                             0x000002ad   Thumb Code    26  asciilib.o(.text)
    __2sprintf                               0x000002cd   Thumb Code    34  noretval__2sprintf.o(.text)
    __use_two_region_memory                  0x000002f5   Thumb Code     2  heapauxi.o(.text)
    __rt_heap_escrow$2region                 0x000002f7   Thumb Code     2  heapauxi.o(.text)
    __rt_heap_expand$2region                 0x000002f9   Thumb Code     2  heapauxi.o(.text)
    __I$use$semihosting                      0x000002fb   Thumb Code     0  use_no_semi.o(.text)
    __use_no_semihosting_swi                 0x000002fb   Thumb Code     2  use_no_semi.o(.text)
    SystemInit                               0x00000301   Thumb Code   552  system_lpc17xx.o(.text)
    TIMER0_IRQHandler                        0x0000054d   Thumb Code   264  irq_timer.o(.text)
    TIMER1_IRQHandler                        0x00000655   Thumb Code    16  irq_timer.o(.text)
    TIMER2_IRQHandler                        0x00000665   Thumb Code   428  irq_timer.o(.text)
    TIMER3_IRQHandler                        0x00000811   Thumb Code   154  irq_timer.o(.text)
    enable_timer                             0x0000097f   Thumb Code   172  lib_timer.o(.text)
    disable_timer                            0x00000a2b   Thumb Code    56  lib_timer.o(.text)
    reset_timer                              0x00000a63   Thumb Code    62  lib_timer.o(.text)
    init_timer                               0x00000aa1   Thumb Code   428  lib_timer.o(.text)
    sec_to_count                             0x00000c4d   Thumb Code    30  lib_timer.o(.text)
    disableButtonsAndStartRITDebouncing      0x00000ccb   Thumb Code    40  irq_button.o(.text)
    EINT0_IRQHandler                         0x00000cf3   Thumb Code    34  irq_button.o(.text)
    EINT1_IRQHandler                         0x00000d15   Thumb Code    34  irq_button.o(.text)
    EINT2_IRQHandler                         0x00000d37   Thumb Code    34  irq_button.o(.text)
    init_stats                               0x00000d6d   Thumb Code    58  irq_rit.o(.text)
    RIT_IRQHandler                           0x00000da7   Thumb Code  1062  irq_rit.o(.text)
    enable_RIT                               0x000011cd   Thumb Code    14  lib_rit.o(.text)
    disable_RIT                              0x000011db   Thumb Code    14  lib_rit.o(.text)
    reset_RIT                                0x000011e9   Thumb Code     8  lib_rit.o(.text)
    init_RIT                                 0x000011f1   Thumb Code   134  lib_rit.o(.text)
    RIT_startJoystickPolling                 0x00001277   Thumb Code    30  lib_rit.o(.text)
    RIT_stopJoystickPolling                  0x00001295   Thumb Code    24  lib_rit.o(.text)
    enable_RIT_Debouncing                    0x000012ad   Thumb Code    24  lib_rit.o(.text)
    joystick_init                            0x000012e5   Thumb Code   122  lib_joystick.o(.text)
    joystick_with_RIT_polling_init           0x0000135f   Thumb Code    12  lib_joystick.o(.text)
    wait_delay                               0x00001389   Thumb Code    12  glcd.o(.text)
    LCD_Initialization                       0x0000190b   Thumb Code 12014  glcd.o(.text)
    LCD_Clear                                0x000047f9   Thumb Code  1520  glcd.o(.text)
    LCD_GetPoint                             0x00004e03   Thumb Code   992  glcd.o(.text)
    LCD_SetPoint                             0x000051e3   Thumb Code   202  glcd.o(.text)
    LCD_DrawLine                             0x000052ad   Thumb Code   250  glcd.o(.text)
    PutChar                                  0x000053a7   Thumb Code   100  glcd.o(.text)
    PutReverseChar                           0x0000540b   Thumb Code   100  glcd.o(.text)
    GUI_Text                                 0x0000546f   Thumb Code    84  glcd.o(.text)
    GUI_ReverseText                          0x000054c3   Thumb Code    78  glcd.o(.text)
    PIC_DRAWER                               0x00005511   Thumb Code   314  pic.o(.text)
    LPC17xx_SPI_SetSpeed                     0x0000569d   Thumb Code    16  touchpanel.o(.text)
    TP_Init                                  0x0000572d   Thumb Code    30  touchpanel.o(.text)
    Read_X                                   0x000057c9   Thumb Code    42  touchpanel.o(.text)
    Read_Y                                   0x000057f3   Thumb Code    42  touchpanel.o(.text)
    TP_GetAdXY                               0x0000581d   Thumb Code    34  touchpanel.o(.text)
    TP_DrawPoint                             0x0000583f   Thumb Code    20  touchpanel.o(.text)
    DrawCross                                0x00005853   Thumb Code   356  touchpanel.o(.text)
    DeleteCross                              0x000059b7   Thumb Code   350  touchpanel.o(.text)
    Read_Ads7846                             0x00005b15   Thumb Code   502  touchpanel.o(.text)
    setCalibrationMatrix                     0x00005d0b   Thumb Code   356  touchpanel.o(.text)
    getDisplayPoint                          0x00005e6f   Thumb Code   262  touchpanel.o(.text)
    TouchPanel_Calibrate                     0x00005f75   Thumb Code   120  touchpanel.o(.text)
    playNote                                 0x0000601d   Thumb Code    70  music.o(.text)
    isNotePlaying                            0x00006063   Thumb Code    20  music.o(.text)
    getVolume                                0x00006081   Thumb Code     6  irq_adc.o(.text)
    ADC_IRQHandler                           0x00006087   Thumb Code   146  irq_adc.o(.text)
    ADC_init                                 0x00006129   Thumb Code    76  lib_adc.o(.text)
    ADC_start_conversion                     0x00006175   Thumb Code    14  lib_adc.o(.text)
    _printf_pre_padding                      0x00006195   Thumb Code    44  _printf_pad.o(.text)
    _printf_post_padding                     0x000061c1   Thumb Code    34  _printf_pad.o(.text)
    _printf_int_dec                          0x000061e5   Thumb Code   104  _printf_dec.o(.text)
    __printf                                 0x0000625d   Thumb Code   308  __printf_flags_wp.o(.text)
    __aeabi_memcpy                           0x00006395   Thumb Code     0  rt_memcpy_v6.o(.text)
    __rt_memcpy                              0x00006395   Thumb Code   138  rt_memcpy_v6.o(.text)
    _memcpy_lastbytes                        0x000063fb   Thumb Code     0  rt_memcpy_v6.o(.text)
    __aeabi_memclr4                          0x0000641f   Thumb Code     0  rt_memclr_w.o(.text)
    __aeabi_memclr8                          0x0000641f   Thumb Code     0  rt_memclr_w.o(.text)
    __rt_memclr_w                            0x0000641f   Thumb Code    78  rt_memclr_w.o(.text)
    _memset_w                                0x00006423   Thumb Code     0  rt_memclr_w.o(.text)
    _printf_int_common                       0x0000646d   Thumb Code   178  _printf_intcommon.o(.text)
    _printf_char_common                      0x0000652b   Thumb Code    32  _printf_char_common.o(.text)
    _sputc                                   0x00006551   Thumb Code    10  _sputc.o(.text)
    __aeabi_memcpy4                          0x0000655b   Thumb Code     0  rt_memcpy_w.o(.text)
    __aeabi_memcpy8                          0x0000655b   Thumb Code     0  rt_memcpy_w.o(.text)
    __rt_memcpy_w                            0x0000655b   Thumb Code   100  rt_memcpy_w.o(.text)
    _memcpy_lastbytes_aligned                0x000065a3   Thumb Code     0  rt_memcpy_w.o(.text)
    __user_setup_stackheap                   0x000065bf   Thumb Code    74  sys_stackheap_outer.o(.text)
    exit                                     0x00006609   Thumb Code    18  exit.o(.text)
    __user_libspace                          0x0000661d   Thumb Code     8  libspace.o(.text)
    __user_perproc_libspace                  0x0000661d   Thumb Code     0  libspace.o(.text)
    __user_perthread_libspace                0x0000661d   Thumb Code     0  libspace.o(.text)
    _sys_exit                                0x00006625   Thumb Code     8  sys_exit.o(.text)
    __semihosting_library_function           0x00006631   Thumb Code     0  indicate_semi.o(.text)
    _is_digit                                0x00006631   Thumb Code    14  __printf_wp.o(i._is_digit)
    __aeabi_dadd                             0x00006641   Thumb Code     0  daddsub_clz.o(x$fpl$dadd)
    _dadd                                    0x00006641   Thumb Code   332  daddsub_clz.o(x$fpl$dadd)
    __fpl_dcmp_Inf                           0x00006791   Thumb Code    24  dcmpi.o(x$fpl$dcmpinf)
    __aeabi_ddiv                             0x000067a9   Thumb Code     0  ddiv.o(x$fpl$ddiv)
    _ddiv                                    0x000067a9   Thumb Code   552  ddiv.o(x$fpl$ddiv)
    __aeabi_cdcmpeq                          0x00006a59   Thumb Code     0  deqf.o(x$fpl$deqf)
    _dcmpeq                                  0x00006a59   Thumb Code   120  deqf.o(x$fpl$deqf)
    __aeabi_d2uiz                            0x00006ad1   Thumb Code     0  dfixu.o(x$fpl$dfixu)
    _dfixu                                   0x00006ad1   Thumb Code    90  dfixu.o(x$fpl$dfixu)
    __aeabi_i2d                              0x00006b2b   Thumb Code     0  dflt_clz.o(x$fpl$dflt)
    _dflt                                    0x00006b2b   Thumb Code    46  dflt_clz.o(x$fpl$dflt)
    __aeabi_ui2d                             0x00006b59   Thumb Code     0  dflt_clz.o(x$fpl$dfltu)
    _dfltu                                   0x00006b59   Thumb Code    38  dflt_clz.o(x$fpl$dfltu)
    __aeabi_dmul                             0x00006b81   Thumb Code     0  dmul.o(x$fpl$dmul)
    _dmul                                    0x00006b81   Thumb Code   332  dmul.o(x$fpl$dmul)
    __fpl_dnaninf                            0x00006cd5   Thumb Code   156  dnaninf.o(x$fpl$dnaninf)
    __fpl_dretinf                            0x00006d71   Thumb Code    12  dretinf.o(x$fpl$dretinf)
    __aeabi_dsub                             0x00006d7d   Thumb Code     0  daddsub_clz.o(x$fpl$dsub)
    _dsub                                    0x00006d7d   Thumb Code   464  daddsub_clz.o(x$fpl$dsub)
    __aeabi_f2uiz                            0x00006f51   Thumb Code     0  ffixu.o(x$fpl$ffixu)
    _ffixu                                   0x00006f51   Thumb Code    62  ffixu.o(x$fpl$ffixu)
    __aeabi_ui2f                             0x00006f91   Thumb Code     0  fflt_clz.o(x$fpl$ffltu)
    _ffltu                                   0x00006f91   Thumb Code    38  fflt_clz.o(x$fpl$ffltu)
    __aeabi_fmul                             0x00006fb9   Thumb Code     0  fmul.o(x$fpl$fmul)
    _fmul                                    0x00006fb9   Thumb Code   258  fmul.o(x$fpl$fmul)
    __fpl_fnaninf                            0x000070bb   Thumb Code   140  fnaninf.o(x$fpl$fnaninf)
    __fpl_fretinf                            0x00007147   Thumb Code    10  fretinf.o(x$fpl$fretinf)
    __I$use$fp                               0x00007150   Number         0  usenofp.o(x$fpl$usenofp)
    Region$$Table$$Base                      0x000126c0   Number         0  anon$$obj.o(Region$$Table)
    Region$$Table$$Limit                     0x000126f0   Number         0  anon$$obj.o(Region$$Table)
    SystemFrequency                          0x2007c000   Data           4  system_lpc17xx.o(.data)
    ScaleFlag                                0x2007c004   Data           1  system_lpc17xx.o(.data)
    SinTable                                 0x2007c008   Data          90  irq_timer.o(.data)
    ss                                       0x2007c064   Data           4  irq_timer.o(.data)
    hh                                       0x2007c068   Data           4  irq_timer.o(.data)
    mm                                       0x2007c06c   Data           4  irq_timer.o(.data)
    s_hap                                    0x2007c070   Data           4  irq_timer.o(.data)
    s_sat                                    0x2007c074   Data           4  irq_timer.o(.data)
    hap                                      0x2007c078   Data           4  irq_timer.o(.data)
    sat                                      0x2007c07c   Data           4  irq_timer.o(.data)
    RIT_debouncing                           0x2007c08c   Data           1  lib_button.o(.data)
    L                                        0x2007c098   Data           1  irq_rit.o(.data)
    R                                        0x2007c099   Data           1  irq_rit.o(.data)
    reset                                    0x2007c09a   Data           1  irq_rit.o(.data)
    dying                                    0x2007c09b   Data           1  irq_rit.o(.data)
    eating                                   0x2007c09c   Data           1  irq_rit.o(.data)
    cuddling                                 0x2007c09d   Data           1  irq_rit.o(.data)
    clicked                                  0x2007c09e   Data           1  irq_rit.o(.data)
    s_cuddling                               0x2007c09f   Data           1  irq_rit.o(.data)
    s_dying                                  0x2007c0a0   Data           1  irq_rit.o(.data)
    s_eating                                 0x2007c0a1   Data           1  irq_rit.o(.data)
    CLICK                                    0x2007c0a4   Data          16  irq_rit.o(.data)
    EATCUDDLE                                0x2007c0b4   Data          48  irq_rit.o(.data)
    DEATH                                    0x2007c0e4   Data          40  irq_rit.o(.data)
    RIT_joystick_polling                     0x2007c10c   Data           1  lib_rit.o(.data)
    RIT_button_debouncing                    0x2007c10d   Data           1  lib_rit.o(.data)
    display                                  0x2007c110   Data           4  touchpanel.o(.data)
    DisplaySample                            0x2007c114   Data          12  touchpanel.o(.data)
    AD_current                               0x2007c124   Data           2  irq_adc.o(.data)
    AD_last                                  0x2007c126   Data           2  irq_adc.o(.data)
    matrix                                   0x2007c130   Data          56  touchpanel.o(.bss)
    ScreenSample                             0x2007c168   Data          12  touchpanel.o(.bss)
    __libspace_start                         0x2007c174   Data          96  libspace.o(.bss)
    __temporary_stack_top$libspace           0x2007c1d4   Data           0  libspace.o(.bss)



==============================================================================

Memory Map of the image

  Image Entry point : 0x000000cd

  Load Region LR_IROM1 (Base: 0x00000000, Size: 0x00012820, Max: 0x00080000, ABSOLUTE, COMPRESSED[0x00012794])

    Execution Region ER_IROM1 (Exec base: 0x00000000, Load base: 0x00000000, Size: 0x000126f0, Max: 0x00080000, ABSOLUTE)

    Exec Addr    Load Addr    Size         Type   Attr      Idx    E Section Name        Object

    0x00000000   0x00000000   0x000000cc   Data   RO            3    RESET               startup_lpc17xx.o
    0x000000cc   0x000000cc   0x00000008   Code   RO          783  * !!!main             c_w.l(__main.o)
    0x000000d4   0x000000d4   0x00000034   Code   RO         1002    !!!scatter          c_w.l(__scatter.o)
    0x00000108   0x00000108   0x0000005a   Code   RO         1000    !!dczerorl2         c_w.l(__dczerorl2.o)
    0x00000162   0x00000162   0x00000002   PAD
    0x00000164   0x00000164   0x0000001c   Code   RO         1004    !!handler_zi        c_w.l(__scatter_zi.o)
    0x00000180   0x00000180   0x00000000   Code   RO          776    .ARM.Collect$$_printf_percent$$00000000  c_w.l(_printf_percent.o)
    0x00000180   0x00000180   0x00000006   Code   RO          775    .ARM.Collect$$_printf_percent$$00000009  c_w.l(_printf_d.o)
    0x00000186   0x00000186   0x00000004   Code   RO          828    .ARM.Collect$$_printf_percent$$00000017  c_w.l(_printf_percent_end.o)
    0x0000018a   0x0000018a   0x00000002   Code   RO          868    .ARM.Collect$$libinit$$00000000  c_w.l(libinit.o)
    0x0000018c   0x0000018c   0x00000000   Code   RO          875    .ARM.Collect$$libinit$$00000002  c_w.l(libinit2.o)
    0x0000018c   0x0000018c   0x00000000   Code   RO          877    .ARM.Collect$$libinit$$00000004  c_w.l(libinit2.o)
    0x0000018c   0x0000018c   0x00000000   Code   RO          880    .ARM.Collect$$libinit$$0000000A  c_w.l(libinit2.o)
    0x0000018c   0x0000018c   0x00000000   Code   RO          882    .ARM.Collect$$libinit$$0000000C  c_w.l(libinit2.o)
    0x0000018c   0x0000018c   0x00000000   Code   RO          884    .ARM.Collect$$libinit$$0000000E  c_w.l(libinit2.o)
    0x0000018c   0x0000018c   0x00000000   Code   RO          887    .ARM.Collect$$libinit$$00000011  c_w.l(libinit2.o)
    0x0000018c   0x0000018c   0x00000000   Code   RO          889    .ARM.Collect$$libinit$$00000013  c_w.l(libinit2.o)
    0x0000018c   0x0000018c   0x00000000   Code   RO          891    .ARM.Collect$$libinit$$00000015  c_w.l(libinit2.o)
    0x0000018c   0x0000018c   0x00000000   Code   RO          893    .ARM.Collect$$libinit$$00000017  c_w.l(libinit2.o)
    0x0000018c   0x0000018c   0x00000000   Code   RO          895    .ARM.Collect$$libinit$$00000019  c_w.l(libinit2.o)
    0x0000018c   0x0000018c   0x00000000   Code   RO          897    .ARM.Collect$$libinit$$0000001B  c_w.l(libinit2.o)
    0x0000018c   0x0000018c   0x00000000   Code   RO          899    .ARM.Collect$$libinit$$0000001D  c_w.l(libinit2.o)
    0x0000018c   0x0000018c   0x00000000   Code   RO          901    .ARM.Collect$$libinit$$0000001F  c_w.l(libinit2.o)
    0x0000018c   0x0000018c   0x00000000   Code   RO          903    .ARM.Collect$$libinit$$00000021  c_w.l(libinit2.o)
    0x0000018c   0x0000018c   0x00000000   Code   RO          905    .ARM.Collect$$libinit$$00000023  c_w.l(libinit2.o)
    0x0000018c   0x0000018c   0x00000000   Code   RO          907    .ARM.Collect$$libinit$$00000025  c_w.l(libinit2.o)
    0x0000018c   0x0000018c   0x00000000   Code   RO          911    .ARM.Collect$$libinit$$0000002C  c_w.l(libinit2.o)
    0x0000018c   0x0000018c   0x00000000   Code   RO          913    .ARM.Collect$$libinit$$0000002E  c_w.l(libinit2.o)
    0x0000018c   0x0000018c   0x00000000   Code   RO          915    .ARM.Collect$$libinit$$00000030  c_w.l(libinit2.o)
    0x0000018c   0x0000018c   0x00000000   Code   RO          917    .ARM.Collect$$libinit$$00000032  c_w.l(libinit2.o)
    0x0000018c   0x0000018c   0x00000002   Code   RO          918    .ARM.Collect$$libinit$$00000033  c_w.l(libinit2.o)
    0x0000018e   0x0000018e   0x00000002   Code   RO          938    .ARM.Collect$$libshutdown$$00000000  c_w.l(libshutdown.o)
    0x00000190   0x00000190   0x00000000   Code   RO          951    .ARM.Collect$$libshutdown$$00000002  c_w.l(libshutdown2.o)
    0x00000190   0x00000190   0x00000000   Code   RO          953    .ARM.Collect$$libshutdown$$00000004  c_w.l(libshutdown2.o)
    0x00000190   0x00000190   0x00000000   Code   RO          955    .ARM.Collect$$libshutdown$$00000006  c_w.l(libshutdown2.o)
    0x00000190   0x00000190   0x00000000   Code   RO          958    .ARM.Collect$$libshutdown$$00000009  c_w.l(libshutdown2.o)
    0x00000190   0x00000190   0x00000000   Code   RO          961    .ARM.Collect$$libshutdown$$0000000C  c_w.l(libshutdown2.o)
    0x00000190   0x00000190   0x00000000   Code   RO          963    .ARM.Collect$$libshutdown$$0000000E  c_w.l(libshutdown2.o)
    0x00000190   0x00000190   0x00000000   Code   RO          966    .ARM.Collect$$libshutdown$$00000011  c_w.l(libshutdown2.o)
    0x00000190   0x00000190   0x00000002   Code   RO          967    .ARM.Collect$$libshutdown$$00000012  c_w.l(libshutdown2.o)
    0x00000192   0x00000192   0x00000000   Code   RO          821    .ARM.Collect$$rtentry$$00000000  c_w.l(__rtentry.o)
    0x00000192   0x00000192   0x00000000   Code   RO          843    .ARM.Collect$$rtentry$$00000002  c_w.l(__rtentry2.o)
    0x00000192   0x00000192   0x00000006   Code   RO          855    .ARM.Collect$$rtentry$$00000004  c_w.l(__rtentry4.o)
    0x00000198   0x00000198   0x00000000   Code   RO          845    .ARM.Collect$$rtentry$$00000009  c_w.l(__rtentry2.o)
    0x00000198   0x00000198   0x00000004   Code   RO          846    .ARM.Collect$$rtentry$$0000000A  c_w.l(__rtentry2.o)
    0x0000019c   0x0000019c   0x00000000   Code   RO          848    .ARM.Collect$$rtentry$$0000000C  c_w.l(__rtentry2.o)
    0x0000019c   0x0000019c   0x00000008   Code   RO          849    .ARM.Collect$$rtentry$$0000000D  c_w.l(__rtentry2.o)
    0x000001a4   0x000001a4   0x00000002   Code   RO          872    .ARM.Collect$$rtexit$$00000000  c_w.l(rtexit.o)
    0x000001a6   0x000001a6   0x00000000   Code   RO          920    .ARM.Collect$$rtexit$$00000002  c_w.l(rtexit2.o)
    0x000001a6   0x000001a6   0x00000004   Code   RO          921    .ARM.Collect$$rtexit$$00000003  c_w.l(rtexit2.o)
    0x000001aa   0x000001aa   0x00000006   Code   RO          922    .ARM.Collect$$rtexit$$00000004  c_w.l(rtexit2.o)
    0x000001b0   0x000001b0   0x00000034   Code   RO            5    .text               startup_lpc17xx.o
    0x000001e4   0x000001e4   0x000000c8   Code   RO           16    .text               sample.o
    0x000002ac   0x000002ac   0x00000020   Code   RO          496    .text               asciilib.o
    0x000002cc   0x000002cc   0x00000028   Code   RO          747    .text               c_w.l(noretval__2sprintf.o)
    0x000002f4   0x000002f4   0x00000006   Code   RO          781    .text               c_w.l(heapauxi.o)
    0x000002fa   0x000002fa   0x00000002   Code   RO          941    .text               c_w.l(use_no_semi.o)
    0x000002fc   0x000002fc   0x00000004   Code   RO            4    .ARM.__at_0x02FC    startup_lpc17xx.o
    0x00000300   0x00000300   0x0000024c   Code   RO          114    .text               system_lpc17xx.o
    0x0000054c   0x0000054c   0x000003f0   Code   RO          141    .text               irq_timer.o
    0x0000093c   0x0000093c   0x00000370   Code   RO          204    .text               lib_timer.o
    0x00000cac   0x00000cac   0x000000c0   Code   RO          246    .text               irq_button.o
    0x00000d6c   0x00000d6c   0x00000460   Code   RO          317    .text               irq_rit.o
    0x000011cc   0x000011cc   0x00000118   Code   RO          374    .text               lib_rit.o
    0x000012e4   0x000012e4   0x00000090   Code   RO          466    .text               lib_joystick.o
    0x00001374   0x00001374   0x0000419c   Code   RO          516    .text               glcd.o
    0x00005510   0x00005510   0x0000018c   Code   RO          562    .text               pic.o
    0x0000569c   0x0000569c   0x00000980   Code   RO          591    .text               touchpanel.o
    0x0000601c   0x0000601c   0x00000064   Code   RO          625    .text               music.o
    0x00006080   0x00006080   0x000000a8   Code   RO          678    .text               irq_adc.o
    0x00006128   0x00006128   0x0000006c   Code   RO          718    .text               lib_adc.o
    0x00006194   0x00006194   0x0000004e   Code   RO          751    .text               c_w.l(_printf_pad.o)
    0x000061e2   0x000061e2   0x00000002   PAD
    0x000061e4   0x000061e4   0x00000078   Code   RO          753    .text               c_w.l(_printf_dec.o)
    0x0000625c   0x0000625c   0x00000138   Code   RO          767    .text               c_w.l(__printf_flags_wp.o)
    0x00006394   0x00006394   0x0000008a   Code   RO          777    .text               c_w.l(rt_memcpy_v6.o)
    0x0000641e   0x0000641e   0x0000004e   Code   RO          779    .text               c_w.l(rt_memclr_w.o)
    0x0000646c   0x0000646c   0x000000b2   Code   RO          822    .text               c_w.l(_printf_intcommon.o)
    0x0000651e   0x0000651e   0x00000002   PAD
    0x00006520   0x00006520   0x00000030   Code   RO          824    .text               c_w.l(_printf_char_common.o)
    0x00006550   0x00006550   0x0000000a   Code   RO          826    .text               c_w.l(_sputc.o)
    0x0000655a   0x0000655a   0x00000064   Code   RO          829    .text               c_w.l(rt_memcpy_w.o)
    0x000065be   0x000065be   0x0000004a   Code   RO          859    .text               c_w.l(sys_stackheap_outer.o)
    0x00006608   0x00006608   0x00000012   Code   RO          861    .text               c_w.l(exit.o)
    0x0000661a   0x0000661a   0x00000002   PAD
    0x0000661c   0x0000661c   0x00000008   Code   RO          869    .text               c_w.l(libspace.o)
    0x00006624   0x00006624   0x0000000c   Code   RO          930    .text               c_w.l(sys_exit.o)
    0x00006630   0x00006630   0x00000000   Code   RO          943    .text               c_w.l(indicate_semi.o)
    0x00006630   0x00006630   0x0000000e   Code   RO          765    i._is_digit         c_w.l(__printf_wp.o)
    0x0000663e   0x0000663e   0x00000002   PAD
    0x00006640   0x00006640   0x00000150   Code   RO          785    x$fpl$dadd          fz_ws.l(daddsub_clz.o)
    0x00006790   0x00006790   0x00000018   Code   RO          831    x$fpl$dcmpinf       fz_ws.l(dcmpi.o)
    0x000067a8   0x000067a8   0x000002b0   Code   RO          792    x$fpl$ddiv          fz_ws.l(ddiv.o)
    0x00006a58   0x00006a58   0x00000078   Code   RO          795    x$fpl$deqf          fz_ws.l(deqf.o)
    0x00006ad0   0x00006ad0   0x0000005a   Code   RO          797    x$fpl$dfixu         fz_ws.l(dfixu.o)
    0x00006b2a   0x00006b2a   0x0000002e   Code   RO          802    x$fpl$dflt          fz_ws.l(dflt_clz.o)
    0x00006b58   0x00006b58   0x00000026   Code   RO          801    x$fpl$dfltu         fz_ws.l(dflt_clz.o)
    0x00006b7e   0x00006b7e   0x00000002   PAD
    0x00006b80   0x00006b80   0x00000154   Code   RO          807    x$fpl$dmul          fz_ws.l(dmul.o)
    0x00006cd4   0x00006cd4   0x0000009c   Code   RO          833    x$fpl$dnaninf       fz_ws.l(dnaninf.o)
    0x00006d70   0x00006d70   0x0000000c   Code   RO          835    x$fpl$dretinf       fz_ws.l(dretinf.o)
    0x00006d7c   0x00006d7c   0x000001d4   Code   RO          787    x$fpl$dsub          fz_ws.l(daddsub_clz.o)
    0x00006f50   0x00006f50   0x0000003e   Code   RO          809    x$fpl$ffixu         fz_ws.l(ffixu.o)
    0x00006f8e   0x00006f8e   0x00000002   PAD
    0x00006f90   0x00006f90   0x00000026   Code   RO          813    x$fpl$ffltu         fz_ws.l(fflt_clz.o)
    0x00006fb6   0x00006fb6   0x00000002   PAD
    0x00006fb8   0x00006fb8   0x00000102   Code   RO          819    x$fpl$fmul          fz_ws.l(fmul.o)
    0x000070ba   0x000070ba   0x0000008c   Code   RO          837    x$fpl$fnaninf       fz_ws.l(fnaninf.o)
    0x00007146   0x00007146   0x0000000a   Code   RO          839    x$fpl$fretinf       fz_ws.l(fretinf.o)
    0x00007150   0x00007150   0x00000000   Code   RO          841    x$fpl$usenofp       fz_ws.l(usenofp.o)
    0x00007150   0x00007150   0x000005f0   Data   RO          497    .constdata          asciilib.o
    0x00007740   0x00007740   0x0000af6c   Data   RO          563    .constdata          pic.o
    0x000126ac   0x000126ac   0x00000011   Data   RO          768    .constdata          c_w.l(__printf_flags_wp.o)
    0x000126bd   0x000126bd   0x00000003   PAD
    0x000126c0   0x000126c0   0x00000030   Data   RO          998    Region$$Table       anon$$obj.o


    Execution Region RW_IRAM1 (Exec base: 0x10000000, Load base: 0x000126f0, Size: 0x00000200, Max: 0x00008000, ABSOLUTE)

    Exec Addr    Load Addr    Size         Type   Attr      Idx    E Section Name        Object

    0x10000000        -       0x00000200   Zero   RW            1    STACK               startup_lpc17xx.o


    Execution Region RW_IRAM2 (Exec base: 0x2007c000, Load base: 0x000126f0, Size: 0x000001d8, Max: 0x00008000, ABSOLUTE, COMPRESSED[0x000000a4])

    Exec Addr    Load Addr    Size         Type   Attr      Idx    E Section Name        Object

    0x2007c000   COMPRESSED   0x00000005   Data   RW          115    .data               system_lpc17xx.o
    0x2007c005   COMPRESSED   0x00000003   PAD
    0x2007c008   COMPRESSED   0x00000084   Data   RW          142    .data               irq_timer.o
    0x2007c08c   COMPRESSED   0x00000001   Data   RW          285    .data               lib_button.o
    0x2007c08d   COMPRESSED   0x00000003   PAD
    0x2007c090   COMPRESSED   0x0000007c   Data   RW          318    .data               irq_rit.o
    0x2007c10c   COMPRESSED   0x00000002   Data   RW          375    .data               lib_rit.o
    0x2007c10e   COMPRESSED   0x00000001   Data   RW          517    .data               glcd.o
    0x2007c10f   COMPRESSED   0x00000001   PAD
    0x2007c110   COMPRESSED   0x00000014   Data   RW          593    .data               touchpanel.o
    0x2007c124   COMPRESSED   0x0000000c   Data   RW          679    .data               irq_adc.o
    0x2007c130        -       0x00000044   Zero   RW          592    .bss                touchpanel.o
    0x2007c174        -       0x00000060   Zero   RW          870    .bss                c_w.l(libspace.o)
    0x2007c1d4   COMPRESSED   0x00000004   PAD
    0x2007c1d8        -       0x00000000   Zero   RW            2    HEAP                startup_lpc17xx.o


==============================================================================

Image component sizes


      Code (inc. data)   RO Data    RW Data    ZI Data      Debug   Object Name

        32          6       1520          0          0       1343   asciilib.o
     16796        104          0          1          0      41329   glcd.o
       168         16          0         12          0       1144   irq_adc.o
       192         20          0          0          0       1633   irq_button.o
      1120        124          0        124          0       3757   irq_rit.o
      1008        146          0        132          0      19386   irq_timer.o
       108         18          0          0          0      27283   lib_adc.o
         0          0          0          1          0        809   lib_button.o
       144         10          0          0          0        767   lib_joystick.o
       280         32          0          2          0      28883   lib_rit.o
       880         66          0          0          0       2369   lib_timer.o
       100         10          0          0          0       1609   music.o
       396         82      44908          0          0       2757   pic.o
       200         20          0          0          0       5091   sample.o
        56         22        204          0        512       1168   startup_lpc17xx.o
       588         36          0          5          0       1069   system_lpc17xx.o
      2432         72          0         20         68       6442   touchpanel.o

    ----------------------------------------------------------------------
     24500        784      46680        304        580     146839   Object Totals
         0          0         48          0          0          0   (incl. Generated)
         0          0          0          7          0          0   (incl. Padding)

    ----------------------------------------------------------------------

      Code (inc. data)   RO Data    RW Data    ZI Data      Debug   Library Member Name

        90          0          0          0          0          0   __dczerorl2.o
         8          0          0          0          0         68   __main.o
       312          4         17          0          0         92   __printf_flags_wp.o
        14          0          0          0          0         68   __printf_wp.o
         0          0          0          0          0          0   __rtentry.o
        12          0          0          0          0          0   __rtentry2.o
         6          0          0          0          0          0   __rtentry4.o
        52          8          0          0          0          0   __scatter.o
        28          0          0          0          0          0   __scatter_zi.o
        48          6          0          0          0         96   _printf_char_common.o
         6          0          0          0          0          0   _printf_d.o
       120         16          0          0          0         92   _printf_dec.o
       178          0          0          0          0         88   _printf_intcommon.o
        78          0          0          0          0        108   _printf_pad.o
         0          0          0          0          0          0   _printf_percent.o
         4          0          0          0          0          0   _printf_percent_end.o
        10          0          0          0          0         68   _sputc.o
        18          0          0          0          0         80   exit.o
         6          0          0          0          0        152   heapauxi.o
         0          0          0          0          0          0   indicate_semi.o
         2          0          0          0          0          0   libinit.o
         2          0          0          0          0          0   libinit2.o
         2          0          0          0          0          0   libshutdown.o
         2          0          0          0          0          0   libshutdown2.o
         8          4          0          0         96         68   libspace.o
        40          6          0          0          0         84   noretval__2sprintf.o
        78          0          0          0          0         80   rt_memclr_w.o
       138          0          0          0          0         68   rt_memcpy_v6.o
       100          0          0          0          0         80   rt_memcpy_w.o
         2          0          0          0          0          0   rtexit.o
        10          0          0          0          0          0   rtexit2.o
        12          4          0          0          0         68   sys_exit.o
        74          0          0          0          0         80   sys_stackheap_outer.o
         2          0          0          0          0         68   use_no_semi.o
       804         16          0          0          0        272   daddsub_clz.o
        24          0          0          0          0         68   dcmpi.o
       688        140          0          0          0        208   ddiv.o
       120          4          0          0          0         92   deqf.o
        90          4          0          0          0         92   dfixu.o
        84          0          0          0          0        136   dflt_clz.o
       340         12          0          0          0        104   dmul.o
       156          4          0          0          0         92   dnaninf.o
        12          0          0          0          0         68   dretinf.o
        62          4          0          0          0         84   ffixu.o
        38          0          0          0          0         68   fflt_clz.o
       258          4          0          0          0         84   fmul.o
       140          4          0          0          0         84   fnaninf.o
        10          0          0          0          0         68   fretinf.o
         0          0          0          0          0          0   usenofp.o

    ----------------------------------------------------------------------
      4304        240         20          0        100       3028   Library Totals
        16          0          3          0          4          0   (incl. Padding)

    ----------------------------------------------------------------------

      Code (inc. data)   RO Data    RW Data    ZI Data      Debug   Library Name

      1462         48         17          0         96       1508   c_w.l
      2826        192          0          0          0       1520   fz_ws.l

    ----------------------------------------------------------------------
      4304        240         20          0        100       3028   Library Totals

    ----------------------------------------------------------------------

==============================================================================


      Code (inc. data)   RO Data    RW Data    ZI Data      Debug   

     28804       1024      46700        304        680     147263   Grand Totals
     28804       1024      46700        164        680     147263   ELF Image Totals (compressed)
     28804       1024      46700        164          0          0   ROM Totals

==============================================================================

    Total RO  Size (Code + RO Data)                75504 (  73.73kB)
    Total RW  Size (RW Data + ZI Data)               984 (   0.96kB)
    Total ROM Size (Code + RO Data + RW Data)      75668 (  73.89kB)

==============================================================================

